[     459ms] [LOG] %c
▲

 _____ _              _                    _   _             __
|_   _| |__   ___    / \   __ _  ___ _ __ | |_(_) ___       / /
  | | | '_ \ / _ \  / _ \ / _` |/ _ \ '_ \| __| |/ __|     / /
  | | | | | |  __/ / ___ \ (_| |  __/ | | | |_| | (__     /_/
  |_| |_| |_|\___|/_/   \_\__, |\___|_| |_|\__|_|\___|    (_)
                           |___/
 ___        __               _                   _                 _
|_ _|_ __  / _|_ __ __ _ ___| |_ _ __ _   _  ___| |_ _   _ _ __ ___
 | || '_ \| |_| '__/ _` / __| __| '__| | | |/ __| __| | | | '__/ _ \
 | || | | |  _| | | (_| \__ \ |_| |  | |_| | (__| |_| |_| | | |  __/
|___|_| |_|_| |_|  \__,_|___/\__|_|   \__,_|\___|\__|\__,_|_|  \___|
  

Hello!

- Open Source https://vercel.com/oss
- Careers https://vercel.com/careers
- Status https://vercel-status.com

 font-family: "Geist Mono", monospace; white-space: pre; line-height: 1; @ https://vercel.com/_next/static/immutable/chunks/0sc4qral2lvuo.js:78
[    5569ms] [WARNING] Deprecated API for given entry type. @ https://vercel.com/_next/static/immutable/chunks/44dke8z57z-0r.js:18
[    6115ms] [ERROR] Failed to load resource: the server responded with a status of 404 () @ https://vercel.com/api/v6/deployments/dpl_CnqqirEKT3BTjKgAVVCHC7SL2L6h/files/turborepo-summary?teamId=shivajireacts-projects:0
[   11596ms] [WARNING] The resource https://vercel.com/_next/static/immutable/chunks/0jowte4krju8u.css was preloaded using link preload but not used within a few seconds from the window's load event. Please make sure it has an appropriate `as` value and it is preloaded intentionally. @ https://vercel.com/shivajireacts-projects/electricity-management/CnqqirEKT3BTjKgAVVCHC7SL2L6h:0
[   11596ms] [WARNING] The resource https://vercel.com/_next/static/immutable/chunks/32fn_23dei1yg.css was preloaded using link preload but not used within a few seconds from the window's load event. Please make sure it has an appropriate `as` value and it is preloaded intentionally. @ https://vercel.com/shivajireacts-projects/electricity-management/CnqqirEKT3BTjKgAVVCHC7SL2L6h:0
[   11596ms] [WARNING] The resource https://vercel.com/_next/static/immutable/chunks/3ltmde337_bn6.css was preloaded using link preload but not used within a few seconds from the window's load event. Please make sure it has an appropriate `as` value and it is preloaded intentionally. @ https://vercel.com/shivajireacts-projects/electricity-management/CnqqirEKT3BTjKgAVVCHC7SL2L6h:0
[   11596ms] [WARNING] The resource https://vercel.com/_next/static/immutable/chunks/1aj3oa1u_-gjl.css was preloaded using link preload but not used within a few seconds from the window's load event. Please make sure it has an appropriate `as` value and it is preloaded intentionally. @ https://vercel.com/shivajireacts-projects/electricity-management/CnqqirEKT3BTjKgAVVCHC7SL2L6h:0
[   11596ms] [WARNING] The resource https://vercel.com/_next/static/immutable/chunks/2cp4m6mrla7vv.css was preloaded using link preload but not used within a few seconds from the window's load event. Please make sure it has an appropriate `as` value and it is preloaded intentionally. @ https://vercel.com/shivajireacts-projects/electricity-management/CnqqirEKT3BTjKgAVVCHC7SL2L6h:0
[   11596ms] [WARNING] The resource https://vercel.com/_next/static/immutable/chunks/3flhcz7cw314y.css was preloaded using link preload but not used within a few seconds from the window's load event. Please make sure it has an appropriate `as` value and it is preloaded intentionally. @ https://vercel.com/shivajireacts-projects/electricity-management/CnqqirEKT3BTjKgAVVCHC7SL2L6h:0
[   11596ms] [WARNING] The resource https://vercel.com/_next/static/immutable/chunks/0d7cjtms0j6n0.css was preloaded using link preload but not used within a few seconds from the window's load event. Please make sure it has an appropriate `as` value and it is preloaded intentionally. @ https://vercel.com/shivajireacts-projects/electricity-management/CnqqirEKT3BTjKgAVVCHC7SL2L6h:0
[   11596ms] [WARNING] The resource https://vercel.com/_next/static/immutable/chunks/2auu4bhcsy3ul.css was preloaded using link preload but not used within a few seconds from the window's load event. Please make sure it has an appropriate `as` value and it is preloaded intentionally. @ https://vercel.com/shivajireacts-projects/electricity-management/CnqqirEKT3BTjKgAVVCHC7SL2L6h:0
[   11596ms] [WARNING] The resource https://vercel.com/_next/static/immutable/chunks/2rd-8uksggfqc.css was preloaded using link preload but not used within a few seconds from the window's load event. Please make sure it has an appropriate `as` value and it is preloaded intentionally. @ https://vercel.com/shivajireacts-projects/electricity-management/CnqqirEKT3BTjKgAVVCHC7SL2L6h:0
[   11596ms] [WARNING] The resource https://vercel.com/_next/static/immutable/chunks/2zu-bgadcoqvj.css was preloaded using link preload but not used within a few seconds from the window's load event. Please make sure it has an appropriate `as` value and it is preloaded intentionally. @ https://vercel.com/shivajireacts-projects/electricity-management/CnqqirEKT3BTjKgAVVCHC7SL2L6h:0
[   14970ms] [WARNING] The resource https://vercel.com/_next/static/immutable/chunks/0jowte4krju8u.css was preloaded using link preload but not used within a few seconds from the window's load event. Please make sure it has an appropriate `as` value and it is preloaded intentionally. @ https://vercel.com/shivajireacts-projects/electricity-management/CnqqirEKT3BTjKgAVVCHC7SL2L6h:0
[   14970ms] [WARNING] The resource https://vercel.com/_next/static/immutable/chunks/32fn_23dei1yg.css was preloaded using link preload but not used within a few seconds from the window's load event. Please make sure it has an appropriate `as` value and it is preloaded intentionally. @ https://vercel.com/shivajireacts-projects/electricity-management/CnqqirEKT3BTjKgAVVCHC7SL2L6h:0
[   14970ms] [WARNING] The resource https://vercel.com/_next/static/immutable/chunks/3ltmde337_bn6.css was preloaded using link preload but not used within a few seconds from the window's load event. Please make sure it has an appropriate `as` value and it is preloaded intentionally. @ https://vercel.com/shivajireacts-projects/electricity-management/CnqqirEKT3BTjKgAVVCHC7SL2L6h:0
[   14971ms] [WARNING] The resource https://vercel.com/_next/static/immutable/chunks/1aj3oa1u_-gjl.css was preloaded using link preload but not used within a few seconds from the window's load event. Please make sure it has an appropriate `as` value and it is preloaded intentionally. @ https://vercel.com/shivajireacts-projects/electricity-management/CnqqirEKT3BTjKgAVVCHC7SL2L6h:0
[   14971ms] [WARNING] The resource https://vercel.com/_next/static/immutable/chunks/2cp4m6mrla7vv.css was preloaded using link preload but not used within a few seconds from the window's load event. Please make sure it has an appropriate `as` value and it is preloaded intentionally. @ https://vercel.com/shivajireacts-projects/electricity-management/CnqqirEKT3BTjKgAVVCHC7SL2L6h:0
[   14971ms] [WARNING] The resource https://vercel.com/_next/static/immutable/chunks/3flhcz7cw314y.css was preloaded using link preload but not used within a few seconds from the window's load event. Please make sure it has an appropriate `as` value and it is preloaded intentionally. @ https://vercel.com/shivajireacts-projects/electricity-management/CnqqirEKT3BTjKgAVVCHC7SL2L6h:0
[   14971ms] [WARNING] The resource https://vercel.com/_next/static/immutable/chunks/0d7cjtms0j6n0.css was preloaded using link preload but not used within a few seconds from the window's load event. Please make sure it has an appropriate `as` value and it is preloaded intentionally. @ https://vercel.com/shivajireacts-projects/electricity-management/CnqqirEKT3BTjKgAVVCHC7SL2L6h:0
[   14971ms] [WARNING] The resource https://vercel.com/_next/static/immutable/chunks/2auu4bhcsy3ul.css was preloaded using link preload but not used within a few seconds from the window's load event. Please make sure it has an appropriate `as` value and it is preloaded intentionally. @ https://vercel.com/shivajireacts-projects/electricity-management/CnqqirEKT3BTjKgAVVCHC7SL2L6h:0
[   14971ms] [WARNING] The resource https://vercel.com/_next/static/immutable/chunks/2rd-8uksggfqc.css was preloaded using link preload but not used within a few seconds from the window's load event. Please make sure it has an appropriate `as` value and it is preloaded intentionally. @ https://vercel.com/shivajireacts-projects/electricity-management/CnqqirEKT3BTjKgAVVCHC7SL2L6h:0
[   14971ms] [WARNING] The resource https://vercel.com/_next/static/immutable/chunks/2zu-bgadcoqvj.css was preloaded using link preload but not used within a few seconds from the window's load event. Please make sure it has an appropriate `as` value and it is preloaded intentionally. @ https://vercel.com/shivajireacts-projects/electricity-management/CnqqirEKT3BTjKgAVVCHC7SL2L6h:0
