[     337ms] [LOG] %c
▲

__  __                                     _            __
\ \/ /___  __  __   _________ _____       (_)_  _______/ /_
 \  / __ \/ / / /  / ___/ __ `/ __ \     / / / / / ___/ __/
 / / /_/ / /_/ /  / /__/ /_/ / / / /    / / /_/ (__  ) /_
/_/\____/\__,_/   \___/\__,_/_/ /_/  __/ /\__,_/____/\__/
         __    _          __  __    /___/
   _____/ /_  (_)___     / /_/ /_  (_)___  ____ ______
  / ___/ __ \/ / __ \   / __/ __ \/ / __ \/ __ `/ ___/
 (__  ) / / / / /_/ /  / /_/ / / / / / / / /_/ (__  )
/____/_/ /_/_/ .___/   \__/_/ /_/_/_/ /_/\__, /____/
            /_/                         /____/
  

Hello!

- Open Source https://vercel.com/oss
- Careers https://vercel.com/careers
- Status https://vercel-status.com

 font-family: "Geist Mono", monospace; white-space: pre; line-height: 1; @ https://vercel.com/_next/static/immutable/chunks/0sc4qral2lvuo.js:78
[    2936ms] [WARNING] Deprecated API for given entry type. @ https://vercel.com/_next/static/immutable/chunks/44dke8z57z-0r.js:18
[    8448ms] [WARNING] The resource https://vercel.com/_next/static/immutable/chunks/0jowte4krju8u.css was preloaded using link preload but not used within a few seconds from the window's load event. Please make sure it has an appropriate `as` value and it is preloaded intentionally. @ https://vercel.com/shivajireacts-projects/electricity-management/CnqqirEKT3BTjKgAVVCHC7SL2L6h/source?tab=build-logs:0
[    8449ms] [WARNING] The resource https://vercel.com/_next/static/immutable/chunks/32fn_23dei1yg.css was preloaded using link preload but not used within a few seconds from the window's load event. Please make sure it has an appropriate `as` value and it is preloaded intentionally. @ https://vercel.com/shivajireacts-projects/electricity-management/CnqqirEKT3BTjKgAVVCHC7SL2L6h/source?tab=build-logs:0
[    8449ms] [WARNING] The resource https://vercel.com/_next/static/immutable/chunks/3flhcz7cw314y.css was preloaded using link preload but not used within a few seconds from the window's load event. Please make sure it has an appropriate `as` value and it is preloaded intentionally. @ https://vercel.com/shivajireacts-projects/electricity-management/CnqqirEKT3BTjKgAVVCHC7SL2L6h/source?tab=build-logs:0
[    8449ms] [WARNING] The resource https://vercel.com/_next/static/immutable/chunks/0d7cjtms0j6n0.css was preloaded using link preload but not used within a few seconds from the window's load event. Please make sure it has an appropriate `as` value and it is preloaded intentionally. @ https://vercel.com/shivajireacts-projects/electricity-management/CnqqirEKT3BTjKgAVVCHC7SL2L6h/source?tab=build-logs:0
[    8449ms] [WARNING] The resource https://vercel.com/_next/static/immutable/chunks/2rd-8uksggfqc.css was preloaded using link preload but not used within a few seconds from the window's load event. Please make sure it has an appropriate `as` value and it is preloaded intentionally. @ https://vercel.com/shivajireacts-projects/electricity-management/CnqqirEKT3BTjKgAVVCHC7SL2L6h/source?tab=build-logs:0
[    8449ms] [WARNING] The resource https://vercel.com/_next/static/immutable/chunks/2zu-bgadcoqvj.css was preloaded using link preload but not used within a few seconds from the window's load event. Please make sure it has an appropriate `as` value and it is preloaded intentionally. @ https://vercel.com/shivajireacts-projects/electricity-management/CnqqirEKT3BTjKgAVVCHC7SL2L6h/source?tab=build-logs:0
[    8449ms] [WARNING] The resource https://vercel.com/_next/static/immutable/chunks/1vqm_0walb2c7.css was preloaded using link preload but not used within a few seconds from the window's load event. Please make sure it has an appropriate `as` value and it is preloaded intentionally. @ https://vercel.com/shivajireacts-projects/electricity-management/CnqqirEKT3BTjKgAVVCHC7SL2L6h/source?tab=build-logs:0
[   19298ms] [WARNING] The resource https://vercel.com/_next/static/immutable/chunks/0jowte4krju8u.css was preloaded using link preload but not used within a few seconds from the window's load event. Please make sure it has an appropriate `as` value and it is preloaded intentionally. @ https://vercel.com/shivajireacts-projects/electricity-management/CnqqirEKT3BTjKgAVVCHC7SL2L6h/logs:0
[   19298ms] [WARNING] The resource https://vercel.com/_next/static/immutable/chunks/32fn_23dei1yg.css was preloaded using link preload but not used within a few seconds from the window's load event. Please make sure it has an appropriate `as` value and it is preloaded intentionally. @ https://vercel.com/shivajireacts-projects/electricity-management/CnqqirEKT3BTjKgAVVCHC7SL2L6h/logs:0
[   19299ms] [WARNING] The resource https://vercel.com/_next/static/immutable/media/797e433ab948586e.p.1v5bejj26fx9h.woff2 was preloaded using link preload but not used within a few seconds from the window's load event. Please make sure it has an appropriate `as` value and it is preloaded intentionally. @ https://vercel.com/shivajireacts-projects/electricity-management/CnqqirEKT3BTjKgAVVCHC7SL2L6h/logs:0
[   19299ms] [WARNING] The resource https://vercel.com/_next/static/immutable/chunks/3flhcz7cw314y.css was preloaded using link preload but not used within a few seconds from the window's load event. Please make sure it has an appropriate `as` value and it is preloaded intentionally. @ https://vercel.com/shivajireacts-projects/electricity-management/CnqqirEKT3BTjKgAVVCHC7SL2L6h/logs:0
[   19299ms] [WARNING] The resource https://vercel.com/_next/static/immutable/chunks/0d7cjtms0j6n0.css was preloaded using link preload but not used within a few seconds from the window's load event. Please make sure it has an appropriate `as` value and it is preloaded intentionally. @ https://vercel.com/shivajireacts-projects/electricity-management/CnqqirEKT3BTjKgAVVCHC7SL2L6h/logs:0
[   19299ms] [WARNING] The resource https://vercel.com/_next/static/immutable/media/Geist_Variable-s.p.2v-cf9syxr5ni.woff2 was preloaded using link preload but not used within a few seconds from the window's load event. Please make sure it has an appropriate `as` value and it is preloaded intentionally. @ https://vercel.com/shivajireacts-projects/electricity-management/CnqqirEKT3BTjKgAVVCHC7SL2L6h/logs:0
[   19299ms] [WARNING] The resource https://vercel.com/_next/static/immutable/chunks/2rd-8uksggfqc.css was preloaded using link preload but not used within a few seconds from the window's load event. Please make sure it has an appropriate `as` value and it is preloaded intentionally. @ https://vercel.com/shivajireacts-projects/electricity-management/CnqqirEKT3BTjKgAVVCHC7SL2L6h/logs:0
[   19299ms] [WARNING] The resource https://vercel.com/_next/static/immutable/chunks/2zu-bgadcoqvj.css was preloaded using link preload but not used within a few seconds from the window's load event. Please make sure it has an appropriate `as` value and it is preloaded intentionally. @ https://vercel.com/shivajireacts-projects/electricity-management/CnqqirEKT3BTjKgAVVCHC7SL2L6h/logs:0
[   19299ms] [WARNING] The resource https://vercel.com/_next/static/immutable/chunks/1vqm_0walb2c7.css was preloaded using link preload but not used within a few seconds from the window's load event. Please make sure it has an appropriate `as` value and it is preloaded intentionally. @ https://vercel.com/shivajireacts-projects/electricity-management/CnqqirEKT3BTjKgAVVCHC7SL2L6h/logs:0
[   29107ms] [WARNING] The resource https://vercel.com/_next/static/immutable/chunks/0jowte4krju8u.css was preloaded using link preload but not used within a few seconds from the window's load event. Please make sure it has an appropriate `as` value and it is preloaded intentionally. @ https://vercel.com/shivajireacts-projects/electricity-management/CnqqirEKT3BTjKgAVVCHC7SL2L6h/logs:0
[   29107ms] [WARNING] The resource https://vercel.com/_next/static/immutable/chunks/32fn_23dei1yg.css was preloaded using link preload but not used within a few seconds from the window's load event. Please make sure it has an appropriate `as` value and it is preloaded intentionally. @ https://vercel.com/shivajireacts-projects/electricity-management/CnqqirEKT3BTjKgAVVCHC7SL2L6h/logs:0
[   29107ms] [WARNING] The resource https://vercel.com/_next/static/immutable/media/797e433ab948586e.p.1v5bejj26fx9h.woff2 was preloaded using link preload but not used within a few seconds from the window's load event. Please make sure it has an appropriate `as` value and it is preloaded intentionally. @ https://vercel.com/shivajireacts-projects/electricity-management/CnqqirEKT3BTjKgAVVCHC7SL2L6h/logs:0
[   29107ms] [WARNING] The resource https://vercel.com/_next/static/immutable/chunks/3flhcz7cw314y.css was preloaded using link preload but not used within a few seconds from the window's load event. Please make sure it has an appropriate `as` value and it is preloaded intentionally. @ https://vercel.com/shivajireacts-projects/electricity-management/CnqqirEKT3BTjKgAVVCHC7SL2L6h/logs:0
[   29107ms] [WARNING] The resource https://vercel.com/_next/static/immutable/chunks/0d7cjtms0j6n0.css was preloaded using link preload but not used within a few seconds from the window's load event. Please make sure it has an appropriate `as` value and it is preloaded intentionally. @ https://vercel.com/shivajireacts-projects/electricity-management/CnqqirEKT3BTjKgAVVCHC7SL2L6h/logs:0
[   29107ms] [WARNING] The resource https://vercel.com/_next/static/immutable/media/Geist_Variable-s.p.2v-cf9syxr5ni.woff2 was preloaded using link preload but not used within a few seconds from the window's load event. Please make sure it has an appropriate `as` value and it is preloaded intentionally. @ https://vercel.com/shivajireacts-projects/electricity-management/CnqqirEKT3BTjKgAVVCHC7SL2L6h/logs:0
[   29107ms] [WARNING] The resource https://vercel.com/_next/static/immutable/chunks/2rd-8uksggfqc.css was preloaded using link preload but not used within a few seconds from the window's load event. Please make sure it has an appropriate `as` value and it is preloaded intentionally. @ https://vercel.com/shivajireacts-projects/electricity-management/CnqqirEKT3BTjKgAVVCHC7SL2L6h/logs:0
[   29107ms] [WARNING] The resource https://vercel.com/_next/static/immutable/chunks/2zu-bgadcoqvj.css was preloaded using link preload but not used within a few seconds from the window's load event. Please make sure it has an appropriate `as` value and it is preloaded intentionally. @ https://vercel.com/shivajireacts-projects/electricity-management/CnqqirEKT3BTjKgAVVCHC7SL2L6h/logs:0
[   29107ms] [WARNING] The resource https://vercel.com/_next/static/immutable/chunks/1vqm_0walb2c7.css was preloaded using link preload but not used within a few seconds from the window's load event. Please make sure it has an appropriate `as` value and it is preloaded intentionally. @ https://vercel.com/shivajireacts-projects/electricity-management/CnqqirEKT3BTjKgAVVCHC7SL2L6h/logs:0
