[    1097ms] [LOG] %c
▲

    ____                               _ __
   / __ \________  ____ _____ ___     (_) /_
  / / / / ___/ _ \/ __ `/ __ `__ \   / / __/
 / /_/ / /  /  __/ /_/ / / / / / /  / / /__
/_____/_/   \___/\__,_/_/ /_/ /_/  /_/\__( )
   _____ __    _          _ __           |/
  / ___// /_  (_)___     (_) /_
  \__ \/ __ \/ / __ \   / / __/
 ___/ / / / / / /_/ /  / / /_
/____/_/ /_/_/ .___/  /_/\__/
            /_/
  

Hello!

- Open Source https://vercel.com/oss
- Careers https://vercel.com/careers
- Status https://vercel-status.com

 font-family: "Geist Mono", monospace; white-space: pre; line-height: 1; @ https://vercel.com/_next/static/immutable/chunks/0sc4qral2lvuo.js:78
[    1739ms] [WARNING] Deprecated API for given entry type. @ https://vercel.com/_next/static/immutable/chunks/44dke8z57z-0r.js:18
[    1854ms] [WARNING] [GSI_LOGGER]: Your client application uses one of the Google One Tap prompt UI status methods that may stop functioning when FedCM becomes mandatory. Refer to the migration guide to update your code accordingly and opt-in to FedCM to test your changes. Learn more: https://developers.google.com/identity/gsi/web/guides/fedcm-migration?s=dc#display_moment and https://developers.google.com/identity/gsi/web/guides/fedcm-migration?s=dc#skipped_moment @ https://vercel.com/_next/static/immutable/chunks/44dke8z57z-0r.js:16
[    1965ms] [ERROR] Failed to load resource: the server responded with a status of 403 () @ https://vercel.com/api/jwt:0
[    5163ms] [WARNING] The resource https://vercel.com/_next/static/immutable/chunks/0d7cjtms0j6n0.css was preloaded using link preload but not used within a few seconds from the window's load event. Please make sure it has an appropriate `as` value and it is preloaded intentionally. @ https://vercel.com/login?next=%2Fshivajitiwari1s-projects%2Felectricity-management%2Fdeployments:0
[    5163ms] [WARNING] The resource https://vercel.com/_next/static/immutable/chunks/2rd-8uksggfqc.css was preloaded using link preload but not used within a few seconds from the window's load event. Please make sure it has an appropriate `as` value and it is preloaded intentionally. @ https://vercel.com/login?next=%2Fshivajitiwari1s-projects%2Felectricity-management%2Fdeployments:0
[    5163ms] [WARNING] The resource https://vercel.com/_next/static/immutable/chunks/3flhcz7cw314y.css was preloaded using link preload but not used within a few seconds from the window's load event. Please make sure it has an appropriate `as` value and it is preloaded intentionally. @ https://vercel.com/login?next=%2Fshivajitiwari1s-projects%2Felectricity-management%2Fdeployments:0
[   15326ms] [WARNING] The resource https://vercel.com/_next/static/immutable/chunks/0d7cjtms0j6n0.css was preloaded using link preload but not used within a few seconds from the window's load event. Please make sure it has an appropriate `as` value and it is preloaded intentionally. @ https://vercel.com/login?next=%2Fshivajitiwari1s-projects%2Felectricity-management%2Fdeployments:0
[   15326ms] [WARNING] The resource https://vercel.com/_next/static/immutable/chunks/2rd-8uksggfqc.css was preloaded using link preload but not used within a few seconds from the window's load event. Please make sure it has an appropriate `as` value and it is preloaded intentionally. @ https://vercel.com/login?next=%2Fshivajitiwari1s-projects%2Felectricity-management%2Fdeployments:0
[   15326ms] [WARNING] The resource https://vercel.com/_next/static/immutable/chunks/3flhcz7cw314y.css was preloaded using link preload but not used within a few seconds from the window's load event. Please make sure it has an appropriate `as` value and it is preloaded intentionally. @ https://vercel.com/login?next=%2Fshivajitiwari1s-projects%2Felectricity-management%2Fdeployments:0
[   40574ms] [ERROR] User declined or dismissed prompt. API exponential cool down triggered. @ https://vercel.com/login?next=%2Fshivajitiwari1s-projects%2Felectricity-management%2Fdeployments:0
[   40575ms] [ERROR] [GSI_LOGGER]: FedCM get() rejects with NetworkError: Error retrieving a token. @ https://vercel.com/_next/static/immutable/chunks/15mrooty257gv.js:8
[   40682ms] [ERROR] Failed to load resource: the server responded with a status of 429 () @ https://o205439.ingest.sentry.io/api/1323670/envelope/?sentry_key=d00780d432ac4ccf882f60dd02062e14&sentry_version=7&sentry_client=sentry.javascript.browser%2F7.111.0:0
[   43736ms] [WARNING] The resource https://vercel.com/_next/static/immutable/chunks/0d7cjtms0j6n0.css was preloaded using link preload but not used within a few seconds from the window's load event. Please make sure it has an appropriate `as` value and it is preloaded intentionally. @ https://vercel.com/login?next=%2Fshivajitiwari1s-projects%2Felectricity-management%2Fdeployments:0
[   43736ms] [WARNING] The resource https://vercel.com/_next/static/immutable/chunks/2rd-8uksggfqc.css was preloaded using link preload but not used within a few seconds from the window's load event. Please make sure it has an appropriate `as` value and it is preloaded intentionally. @ https://vercel.com/login?next=%2Fshivajitiwari1s-projects%2Felectricity-management%2Fdeployments:0
[   43736ms] [WARNING] The resource https://vercel.com/_next/static/immutable/chunks/3flhcz7cw314y.css was preloaded using link preload but not used within a few seconds from the window's load event. Please make sure it has an appropriate `as` value and it is preloaded intentionally. @ https://vercel.com/login?next=%2Fshivajitiwari1s-projects%2Felectricity-management%2Fdeployments:0
[   54056ms] [WARNING] The resource https://vercel.com/_next/static/immutable/chunks/0d7cjtms0j6n0.css was preloaded using link preload but not used within a few seconds from the window's load event. Please make sure it has an appropriate `as` value and it is preloaded intentionally. @ https://vercel.com/login?next=%2Fshivajitiwari1s-projects%2Felectricity-management%2Fdeployments:0
[   54056ms] [WARNING] The resource https://vercel.com/_next/static/immutable/chunks/2rd-8uksggfqc.css was preloaded using link preload but not used within a few seconds from the window's load event. Please make sure it has an appropriate `as` value and it is preloaded intentionally. @ https://vercel.com/login?next=%2Fshivajitiwari1s-projects%2Felectricity-management%2Fdeployments:0
[   54056ms] [WARNING] The resource https://vercel.com/_next/static/immutable/chunks/3flhcz7cw314y.css was preloaded using link preload but not used within a few seconds from the window's load event. Please make sure it has an appropriate `as` value and it is preloaded intentionally. @ https://vercel.com/login?next=%2Fshivajitiwari1s-projects%2Felectricity-management%2Fdeployments:0
[   65007ms] [WARNING] The resource https://vercel.com/_next/static/immutable/chunks/0d7cjtms0j6n0.css was preloaded using link preload but not used within a few seconds from the window's load event. Please make sure it has an appropriate `as` value and it is preloaded intentionally. @ https://vercel.com/login?next=%2Fshivajitiwari1s-projects%2Felectricity-management%2Fdeployments:0
[   65007ms] [WARNING] The resource https://vercel.com/_next/static/immutable/chunks/2rd-8uksggfqc.css was preloaded using link preload but not used within a few seconds from the window's load event. Please make sure it has an appropriate `as` value and it is preloaded intentionally. @ https://vercel.com/login?next=%2Fshivajitiwari1s-projects%2Felectricity-management%2Fdeployments:0
[   65007ms] [WARNING] The resource https://vercel.com/_next/static/immutable/chunks/3flhcz7cw314y.css was preloaded using link preload but not used within a few seconds from the window's load event. Please make sure it has an appropriate `as` value and it is preloaded intentionally. @ https://vercel.com/login?next=%2Fshivajitiwari1s-projects%2Felectricity-management%2Fdeployments:0
[   78546ms] [LOG] %c
▲

__  __                                     _            __
\ \/ /___  __  __   _________ _____       (_)_  _______/ /_
 \  / __ \/ / / /  / ___/ __ `/ __ \     / / / / / ___/ __/
 / / /_/ / /_/ /  / /__/ /_/ / / / /    / / /_/ (__  ) /_
/_/\____/\__,_/   \___/\__,_/_/ /_/  __/ /\__,_/____/\__/
         __    _          __  __    /___/
   _____/ /_  (_)___     / /_/ /_  (_)___  ____ ______
  / ___/ __ \/ / __ \   / __/ __ \/ / __ \/ __ `/ ___/
 (__  ) / / / / /_/ /  / /_/ / / / / / / / /_/ (__  )
/____/_/ /_/_/ .___/   \__/_/ /_/_/_/ /_/\__, /____/
            /_/                         /____/
  

Hello!

- Open Source https://vercel.com/oss
- Careers https://vercel.com/careers
- Status https://vercel-status.com

 font-family: "Geist Mono", monospace; white-space: pre; line-height: 1; @ https://vercel.com/_next/static/immutable/chunks/0sc4qral2lvuo.js:78
[   80804ms] [ERROR] Failed to load resource: the server responded with a status of 403 () @ https://vercel.com/api/v1/dashboard/projects/electricity-management?teamId=shivajitiwari1s-projects:0
[   81918ms] [ERROR] CustomFetchError: Not authorized
    at d (https://vercel.com/_next/static/immutable/chunks/05fd6fpjs4hta.js:2:36320) @ https://vercel.com/_next/static/immutable/chunks/0sc4qral2lvuo.js:108
[   81921ms] [ERROR] CustomFetchError: Not authorized
    at d (https://vercel.com/_next/static/immutable/chunks/05fd6fpjs4hta.js:2:36320) @ https://vercel.com/_next/static/immutable/chunks/0sc4qral2lvuo.js:108
[   81922ms] [ERROR] CustomFetchError: Not authorized
    at d (https://vercel.com/_next/static/immutable/chunks/05fd6fpjs4hta.js:2:36320) @ https://vercel.com/_next/static/immutable/chunks/0sc4qral2lvuo.js:108
[   82121ms] [ERROR] Failed to load resource: the server responded with a status of 403 () @ https://vercel.com/api/user/permissions?projectIdOrName=electricity-management&slug=shivajitiwari1s-projects:0
[   82121ms] [ERROR] Failed to load resource: the server responded with a status of 403 () @ https://vercel.com/api/v1/dashboard/projects/electricity-management?teamId=shivajitiwari1s-projects:0
[   82254ms] [LOG] Ignored request error CustomFetchError: Not authorized
    at d (https://vercel.com/_next/static/immutable/chunks/05fd6fpjs4hta.js:2:36320)
    at async https://vercel.com/_next/static/immutable/chunks/23_9gm4br8rg-.js:2:12516 @ https://vercel.com/_next/static/immutable/chunks/2f18-1nbs2xh8.js:1
[   82306ms] [ERROR] Failed to load resource: the server responded with a status of 403 () @ https://vercel.com/api/v9/projects/electricity-management?latestDeployments=0&rollbackInfo=true&teamId=shivajitiwari1s-projects:0
[   82307ms] [ERROR] Failed to load resource: the server responded with a status of 403 () @ https://vercel.com/api/v2/teams/shivajitiwari1s-projects:0
[   82307ms] [ERROR] Failed to load resource: the server responded with a status of 403 () @ https://vercel.com/api/v1/projects/electricity-management/custom-environments?slug=shivajitiwari1s-projects:0
[   82353ms] [LOG] Ignored request error CustomFetchError: Not authorized
    at d (https://vercel.com/_next/static/immutable/chunks/05fd6fpjs4hta.js:2:36320)
    at async https://vercel.com/_next/static/immutable/chunks/23_9gm4br8rg-.js:2:12516 @ https://vercel.com/_next/static/immutable/chunks/2f18-1nbs2xh8.js:1
[   82357ms] [LOG] Ignored request error CustomFetchError: Not authorized
    at d (https://vercel.com/_next/static/immutable/chunks/05fd6fpjs4hta.js:2:36320)
    at async https://vercel.com/_next/static/immutable/chunks/23_9gm4br8rg-.js:2:12516 @ https://vercel.com/_next/static/immutable/chunks/2f18-1nbs2xh8.js:1
[   82368ms] [WARNING] iso_swr: SSR fetch failed for "/v1/dashboard/projects/electricity-management?teamId=shivajitiwari1s-projects" {error: iso_swr_fetch_error, message: Not authorized} @ https://vercel.com/shivajitiwari1s-projects/electricity-management/deployments:142
[   82374ms] [WARNING] iso_swr: SSR fetch failed for "/api/v2/teams/shivajitiwari1s-projects" {error: iso_swr_fetch_error, message: Not authorized} @ https://vercel.com/shivajitiwari1s-projects/electricity-management/deployments:142
[   82432ms] [ERROR] Failed to load resource: the server responded with a status of 403 () @ https://vercel.com/api/dashboard/projects/electricity-management/activity?teamId=shivajitiwari1s-projects:0
[   82469ms] [WARNING] iso_swr: SSR fetch failed for "/api/v9/projects/electricity-management?latestDeployments=0&rollbackInfo=true&teamId=shivajitiwari1s-projects" {error: iso_swr_fetch_error, message: Not authorized} @ https://vercel.com/shivajitiwari1s-projects/electricity-management/deployments:266
[   82537ms] [ERROR] Failed to load resource: the server responded with a status of 403 () @ https://vercel.com/api/dashboard/projects/electricity-management/recommendations?teamId=shivajitiwari1s-projects:0
[   82561ms] [ERROR] Failed to load resource: the server responded with a status of 403 () @ https://vercel.com/api/recents?hydrateLimit=30&limit=7&teamId=shivajitiwari1s-projects&type=preview:0
[   82562ms] [ERROR] Failed to load resource: the server responded with a status of 403 () @ https://vercel.com/api/v2/dashboard/projects?favorites=1&limit=25&teamId=shivajitiwari1s-projects:0
[   82590ms] [LOG] Ignored request error CustomFetchError: Not authorized
    at d (https://vercel.com/_next/static/immutable/chunks/05fd6fpjs4hta.js:2:36320)
    at async dedupingInterval (https://vercel.com/_next/static/immutable/chunks/3dv8mk75c9bqd.js:2:14437)
    at async https://vercel.com/_next/static/immutable/chunks/23_9gm4br8rg-.js:2:12516 @ https://vercel.com/_next/static/immutable/chunks/2f18-1nbs2xh8.js:1
[   82834ms] [WARNING] iso_swr[warn] [client] fallback error for key: "/v1/dashboard/projects/electricity-management?teamId=shivajitiwari1s-projects" {error: iso_swr_fetch_error, message: Not authorized} @ https://vercel.com/_next/static/immutable/chunks/1q99vaasitoe5.js:1
[   83137ms] [WARNING] iso_swr: SSR fetch failed for "/api/v7/deployments?limit=20&projectId=electricity-management&state=READY%2CERROR%2CBUILDING%2CQUEUED%2CINITIALIZING%2CBLOCKED&teamId=shivajitiwari1s-projects" {error: iso_swr_fetch_error, message: Not authorized} @ https://vercel.com/shivajitiwari1s-projects/electricity-management/deployments:453
[   83142ms] [WARNING] iso_swr: SSR fetch failed for "/api/v7/deployments?limit=10&projectId=electricity-management&rollbackCandidate=true&teamId=shivajitiwari1s-projects" {error: iso_swr_fetch_error, message: Not authorized} @ https://vercel.com/shivajitiwari1s-projects/electricity-management/deployments:453
[   83326ms] [WARNING] Deprecated API for given entry type. @ https://vercel.com/_next/static/immutable/chunks/44dke8z57z-0r.js:18
[   83352ms] [ERROR] Failed to load resource: the server responded with a status of 403 () @ https://vercel.com/api/dash-tips?teamId=shivajitiwari1s-projects:0
[   83354ms] [LOG] Ignored request error CustomFetchError: You don't have permission to access this resource.
    at d (https://vercel.com/_next/static/immutable/chunks/05fd6fpjs4hta.js:2:36320)
    at async s.revalidateOnFocus (https://vercel.com/_next/static/immutable/chunks/2f18-1nbs2xh8.js:2:1006)
    at async https://vercel.com/_next/static/immutable/chunks/23_9gm4br8rg-.js:2:12516 @ https://vercel.com/_next/static/immutable/chunks/44dke8z57z-0r.js:16
[   86207ms] [ERROR] Failed to load resource: the server responded with a status of 403 () @ https://vercel.com/api/v1/dashboard/projects/electricity-management?teamId=shivajitiwari1s-projects:0
[   88771ms] [ERROR] Failed to load resource: the server responded with a status of 403 () @ https://vercel.com/api/dash-tips?teamId=shivajitiwari1s-projects:0
[   88772ms] [LOG] Ignored request error CustomFetchError: You don't have permission to access this resource.
    at d (https://vercel.com/_next/static/immutable/chunks/05fd6fpjs4hta.js:2:36320)
    at async s.revalidateOnFocus (https://vercel.com/_next/static/immutable/chunks/2f18-1nbs2xh8.js:2:1006)
    at async https://vercel.com/_next/static/immutable/chunks/23_9gm4br8rg-.js:2:12516 @ https://vercel.com/_next/static/immutable/chunks/44dke8z57z-0r.js:16
[   98382ms] [WARNING] The resource https://vercel.com/_next/static/immutable/chunks/1i92_zpy9v6m5.css was preloaded using link preload but not used within a few seconds from the window's load event. Please make sure it has an appropriate `as` value and it is preloaded intentionally. @ https://vercel.com/shivajireacts-projects:0
[   98383ms] [WARNING] The resource https://vercel.com/_next/static/immutable/chunks/0jowte4krju8u.css was preloaded using link preload but not used within a few seconds from the window's load event. Please make sure it has an appropriate `as` value and it is preloaded intentionally. @ https://vercel.com/shivajireacts-projects:0
[   98383ms] [WARNING] The resource https://vercel.com/_next/static/immutable/media/797e433ab948586e.p.1v5bejj26fx9h.woff2 was preloaded using link preload but not used within a few seconds from the window's load event. Please make sure it has an appropriate `as` value and it is preloaded intentionally. @ https://vercel.com/shivajireacts-projects:0
[   98383ms] [WARNING] The resource https://vercel.com/_next/static/immutable/media/Geist_Variable-s.p.2v-cf9syxr5ni.woff2 was preloaded using link preload but not used within a few seconds from the window's load event. Please make sure it has an appropriate `as` value and it is preloaded intentionally. @ https://vercel.com/shivajireacts-projects:0
[   98383ms] [WARNING] The resource https://vercel.com/_next/static/immutable/chunks/2rd-8uksggfqc.css was preloaded using link preload but not used within a few seconds from the window's load event. Please make sure it has an appropriate `as` value and it is preloaded intentionally. @ https://vercel.com/shivajireacts-projects:0
[   98383ms] [WARNING] The resource https://vercel.com/_next/static/immutable/chunks/3flhcz7cw314y.css was preloaded using link preload but not used within a few seconds from the window's load event. Please make sure it has an appropriate `as` value and it is preloaded intentionally. @ https://vercel.com/shivajireacts-projects:0
[  107394ms] [WARNING] The resource https://vercel.com/_next/static/immutable/chunks/1i92_zpy9v6m5.css was preloaded using link preload but not used within a few seconds from the window's load event. Please make sure it has an appropriate `as` value and it is preloaded intentionally. @ https://vercel.com/shivajireacts-projects:0
[  107394ms] [WARNING] The resource https://vercel.com/_next/static/immutable/chunks/0jowte4krju8u.css was preloaded using link preload but not used within a few seconds from the window's load event. Please make sure it has an appropriate `as` value and it is preloaded intentionally. @ https://vercel.com/shivajireacts-projects:0
[  107394ms] [WARNING] The resource https://vercel.com/_next/static/immutable/media/797e433ab948586e.p.1v5bejj26fx9h.woff2 was preloaded using link preload but not used within a few seconds from the window's load event. Please make sure it has an appropriate `as` value and it is preloaded intentionally. @ https://vercel.com/shivajireacts-projects:0
[  107394ms] [WARNING] The resource https://vercel.com/_next/static/immutable/media/Geist_Variable-s.p.2v-cf9syxr5ni.woff2 was preloaded using link preload but not used within a few seconds from the window's load event. Please make sure it has an appropriate `as` value and it is preloaded intentionally. @ https://vercel.com/shivajireacts-projects:0
[  107394ms] [WARNING] The resource https://vercel.com/_next/static/immutable/chunks/2rd-8uksggfqc.css was preloaded using link preload but not used within a few seconds from the window's load event. Please make sure it has an appropriate `as` value and it is preloaded intentionally. @ https://vercel.com/shivajireacts-projects:0
[  107394ms] [WARNING] The resource https://vercel.com/_next/static/immutable/chunks/3flhcz7cw314y.css was preloaded using link preload but not used within a few seconds from the window's load event. Please make sure it has an appropriate `as` value and it is preloaded intentionally. @ https://vercel.com/shivajireacts-projects:0
[  167054ms] [WARNING] The resource https://vercel.com/_next/static/immutable/chunks/1i92_zpy9v6m5.css was preloaded using link preload but not used within a few seconds from the window's load event. Please make sure it has an appropriate `as` value and it is preloaded intentionally. @ https://vercel.com/shivajireacts-projects:0
[  167054ms] [WARNING] The resource https://vercel.com/_next/static/immutable/chunks/0jowte4krju8u.css was preloaded using link preload but not used within a few seconds from the window's load event. Please make sure it has an appropriate `as` value and it is preloaded intentionally. @ https://vercel.com/shivajireacts-projects:0
[  167054ms] [WARNING] The resource https://vercel.com/_next/static/immutable/media/797e433ab948586e.p.1v5bejj26fx9h.woff2 was preloaded using link preload but not used within a few seconds from the window's load event. Please make sure it has an appropriate `as` value and it is preloaded intentionally. @ https://vercel.com/shivajireacts-projects:0
[  167054ms] [WARNING] The resource https://vercel.com/_next/static/immutable/media/Geist_Variable-s.p.2v-cf9syxr5ni.woff2 was preloaded using link preload but not used within a few seconds from the window's load event. Please make sure it has an appropriate `as` value and it is preloaded intentionally. @ https://vercel.com/shivajireacts-projects:0
[  167054ms] [WARNING] The resource https://vercel.com/_next/static/immutable/chunks/2rd-8uksggfqc.css was preloaded using link preload but not used within a few seconds from the window's load event. Please make sure it has an appropriate `as` value and it is preloaded intentionally. @ https://vercel.com/shivajireacts-projects:0
[  167054ms] [WARNING] The resource https://vercel.com/_next/static/immutable/chunks/3flhcz7cw314y.css was preloaded using link preload but not used within a few seconds from the window's load event. Please make sure it has an appropriate `as` value and it is preloaded intentionally. @ https://vercel.com/shivajireacts-projects:0
[  224011ms] [WARNING] The resource https://vercel.com/_next/static/immutable/chunks/3-kaw0y0zwv9y.css was preloaded using link preload but not used within a few seconds from the window's load event. Please make sure it has an appropriate `as` value and it is preloaded intentionally. @ https://vercel.com/shivajireacts-projects/electricity-management:0
[  224011ms] [WARNING] The resource https://vercel.com/_next/static/immutable/media/797e433ab948586e.p.1v5bejj26fx9h.woff2 was preloaded using link preload but not used within a few seconds from the window's load event. Please make sure it has an appropriate `as` value and it is preloaded intentionally. @ https://vercel.com/shivajireacts-projects/electricity-management:0
[  224011ms] [WARNING] The resource https://vercel.com/_next/static/immutable/chunks/3ltmde337_bn6.css was preloaded using link preload but not used within a few seconds from the window's load event. Please make sure it has an appropriate `as` value and it is preloaded intentionally. @ https://vercel.com/shivajireacts-projects/electricity-management:0
[  224011ms] [WARNING] The resource https://vercel.com/_next/static/immutable/chunks/1aj3oa1u_-gjl.css was preloaded using link preload but not used within a few seconds from the window's load event. Please make sure it has an appropriate `as` value and it is preloaded intentionally. @ https://vercel.com/shivajireacts-projects/electricity-management:0
[  224011ms] [WARNING] The resource https://vercel.com/_next/static/immutable/chunks/3flhcz7cw314y.css was preloaded using link preload but not used within a few seconds from the window's load event. Please make sure it has an appropriate `as` value and it is preloaded intentionally. @ https://vercel.com/shivajireacts-projects/electricity-management:0
[  224011ms] [WARNING] The resource https://vercel.com/_next/static/immutable/chunks/0pfisv6juljzd.css was preloaded using link preload but not used within a few seconds from the window's load event. Please make sure it has an appropriate `as` value and it is preloaded intentionally. @ https://vercel.com/shivajireacts-projects/electricity-management:0
[  224011ms] [WARNING] The resource https://vercel.com/_next/static/immutable/chunks/0m8383i4wvy5g.css was preloaded using link preload but not used within a few seconds from the window's load event. Please make sure it has an appropriate `as` value and it is preloaded intentionally. @ https://vercel.com/shivajireacts-projects/electricity-management:0
[  224011ms] [WARNING] The resource https://vercel.com/_next/static/immutable/chunks/1i92_zpy9v6m5.css was preloaded using link preload but not used within a few seconds from the window's load event. Please make sure it has an appropriate `as` value and it is preloaded intentionally. @ https://vercel.com/shivajireacts-projects/electricity-management:0
[  224011ms] [WARNING] The resource https://vercel.com/_next/static/immutable/media/Geist_Variable-s.p.2v-cf9syxr5ni.woff2 was preloaded using link preload but not used within a few seconds from the window's load event. Please make sure it has an appropriate `as` value and it is preloaded intentionally. @ https://vercel.com/shivajireacts-projects/electricity-management:0
[  224011ms] [WARNING] The resource https://vercel.com/_next/static/immutable/chunks/2auu4bhcsy3ul.css was preloaded using link preload but not used within a few seconds from the window's load event. Please make sure it has an appropriate `as` value and it is preloaded intentionally. @ https://vercel.com/shivajireacts-projects/electricity-management:0
[  224011ms] [WARNING] The resource https://vercel.com/_next/static/immutable/chunks/0y_wavmzjvjkf.css was preloaded using link preload but not used within a few seconds from the window's load event. Please make sure it has an appropriate `as` value and it is preloaded intentionally. @ https://vercel.com/shivajireacts-projects/electricity-management:0
[  224011ms] [WARNING] The resource https://vercel.com/_next/static/immutable/chunks/2rd-8uksggfqc.css was preloaded using link preload but not used within a few seconds from the window's load event. Please make sure it has an appropriate `as` value and it is preloaded intentionally. @ https://vercel.com/shivajireacts-projects/electricity-management:0
[  224011ms] [WARNING] The resource https://vercel.com/_next/static/immutable/chunks/1vqm_0walb2c7.css was preloaded using link preload but not used within a few seconds from the window's load event. Please make sure it has an appropriate `as` value and it is preloaded intentionally. @ https://vercel.com/shivajireacts-projects/electricity-management:0
[  224011ms] [WARNING] The resource https://vercel.com/_next/static/immutable/chunks/2o8leh_21eoxh.css was preloaded using link preload but not used within a few seconds from the window's load event. Please make sure it has an appropriate `as` value and it is preloaded intentionally. @ https://vercel.com/shivajireacts-projects/electricity-management:0
[  237401ms] [WARNING] The resource https://vercel.com/_next/static/immutable/chunks/3-kaw0y0zwv9y.css was preloaded using link preload but not used within a few seconds from the window's load event. Please make sure it has an appropriate `as` value and it is preloaded intentionally. @ https://vercel.com/shivajireacts-projects:0
[  237402ms] [WARNING] The resource https://vercel.com/_next/static/immutable/media/797e433ab948586e.p.1v5bejj26fx9h.woff2 was preloaded using link preload but not used within a few seconds from the window's load event. Please make sure it has an appropriate `as` value and it is preloaded intentionally. @ https://vercel.com/shivajireacts-projects:0
[  237402ms] [WARNING] The resource https://vercel.com/_next/static/immutable/chunks/3ltmde337_bn6.css was preloaded using link preload but not used within a few seconds from the window's load event. Please make sure it has an appropriate `as` value and it is preloaded intentionally. @ https://vercel.com/shivajireacts-projects:0
[  237402ms] [WARNING] The resource https://vercel.com/_next/static/immutable/chunks/1aj3oa1u_-gjl.css was preloaded using link preload but not used within a few seconds from the window's load event. Please make sure it has an appropriate `as` value and it is preloaded intentionally. @ https://vercel.com/shivajireacts-projects:0
[  237402ms] [WARNING] The resource https://vercel.com/_next/static/immutable/chunks/3flhcz7cw314y.css was preloaded using link preload but not used within a few seconds from the window's load event. Please make sure it has an appropriate `as` value and it is preloaded intentionally. @ https://vercel.com/shivajireacts-projects:0
[  237402ms] [WARNING] The resource https://vercel.com/_next/static/immutable/chunks/0pfisv6juljzd.css was preloaded using link preload but not used within a few seconds from the window's load event. Please make sure it has an appropriate `as` value and it is preloaded intentionally. @ https://vercel.com/shivajireacts-projects:0
[  237402ms] [WARNING] The resource https://vercel.com/_next/static/immutable/chunks/0m8383i4wvy5g.css was preloaded using link preload but not used within a few seconds from the window's load event. Please make sure it has an appropriate `as` value and it is preloaded intentionally. @ https://vercel.com/shivajireacts-projects:0
[  237402ms] [WARNING] The resource https://vercel.com/_next/static/immutable/chunks/1i92_zpy9v6m5.css was preloaded using link preload but not used within a few seconds from the window's load event. Please make sure it has an appropriate `as` value and it is preloaded intentionally. @ https://vercel.com/shivajireacts-projects:0
[  237402ms] [WARNING] The resource https://vercel.com/_next/static/immutable/media/Geist_Variable-s.p.2v-cf9syxr5ni.woff2 was preloaded using link preload but not used within a few seconds from the window's load event. Please make sure it has an appropriate `as` value and it is preloaded intentionally. @ https://vercel.com/shivajireacts-projects:0
[  237402ms] [WARNING] The resource https://vercel.com/_next/static/immutable/chunks/2auu4bhcsy3ul.css was preloaded using link preload but not used within a few seconds from the window's load event. Please make sure it has an appropriate `as` value and it is preloaded intentionally. @ https://vercel.com/shivajireacts-projects:0
[  237402ms] [WARNING] The resource https://vercel.com/_next/static/immutable/chunks/0y_wavmzjvjkf.css was preloaded using link preload but not used within a few seconds from the window's load event. Please make sure it has an appropriate `as` value and it is preloaded intentionally. @ https://vercel.com/shivajireacts-projects:0
[  237402ms] [WARNING] The resource https://vercel.com/_next/static/immutable/chunks/2rd-8uksggfqc.css was preloaded using link preload but not used within a few seconds from the window's load event. Please make sure it has an appropriate `as` value and it is preloaded intentionally. @ https://vercel.com/shivajireacts-projects:0
[  237402ms] [WARNING] The resource https://vercel.com/_next/static/immutable/chunks/1vqm_0walb2c7.css was preloaded using link preload but not used within a few seconds from the window's load event. Please make sure it has an appropriate `as` value and it is preloaded intentionally. @ https://vercel.com/shivajireacts-projects:0
[  237402ms] [WARNING] The resource https://vercel.com/_next/static/immutable/chunks/2o8leh_21eoxh.css was preloaded using link preload but not used within a few seconds from the window's load event. Please make sure it has an appropriate `as` value and it is preloaded intentionally. @ https://vercel.com/shivajireacts-projects:0
[  249465ms] [WARNING] The resource https://vercel.com/_next/static/immutable/chunks/3-kaw0y0zwv9y.css was preloaded using link preload but not used within a few seconds from the window's load event. Please make sure it has an appropriate `as` value and it is preloaded intentionally. @ https://vercel.com/shivajireacts-projects/electricity-management:0
[  249465ms] [WARNING] The resource https://vercel.com/_next/static/immutable/media/797e433ab948586e.p.1v5bejj26fx9h.woff2 was preloaded using link preload but not used within a few seconds from the window's load event. Please make sure it has an appropriate `as` value and it is preloaded intentionally. @ https://vercel.com/shivajireacts-projects/electricity-management:0
[  249465ms] [WARNING] The resource https://vercel.com/_next/static/immutable/chunks/3ltmde337_bn6.css was preloaded using link preload but not used within a few seconds from the window's load event. Please make sure it has an appropriate `as` value and it is preloaded intentionally. @ https://vercel.com/shivajireacts-projects/electricity-management:0
[  249465ms] [WARNING] The resource https://vercel.com/_next/static/immutable/chunks/1aj3oa1u_-gjl.css was preloaded using link preload but not used within a few seconds from the window's load event. Please make sure it has an appropriate `as` value and it is preloaded intentionally. @ https://vercel.com/shivajireacts-projects/electricity-management:0
[  249465ms] [WARNING] The resource https://vercel.com/_next/static/immutable/chunks/3flhcz7cw314y.css was preloaded using link preload but not used within a few seconds from the window's load event. Please make sure it has an appropriate `as` value and it is preloaded intentionally. @ https://vercel.com/shivajireacts-projects/electricity-management:0
[  249465ms] [WARNING] The resource https://vercel.com/_next/static/immutable/chunks/0pfisv6juljzd.css was preloaded using link preload but not used within a few seconds from the window's load event. Please make sure it has an appropriate `as` value and it is preloaded intentionally. @ https://vercel.com/shivajireacts-projects/electricity-management:0
[  249465ms] [WARNING] The resource https://vercel.com/_next/static/immutable/chunks/0m8383i4wvy5g.css was preloaded using link preload but not used within a few seconds from the window's load event. Please make sure it has an appropriate `as` value and it is preloaded intentionally. @ https://vercel.com/shivajireacts-projects/electricity-management:0
[  249465ms] [WARNING] The resource https://vercel.com/_next/static/immutable/chunks/1i92_zpy9v6m5.css was preloaded using link preload but not used within a few seconds from the window's load event. Please make sure it has an appropriate `as` value and it is preloaded intentionally. @ https://vercel.com/shivajireacts-projects/electricity-management:0
[  249465ms] [WARNING] The resource https://vercel.com/_next/static/immutable/media/Geist_Variable-s.p.2v-cf9syxr5ni.woff2 was preloaded using link preload but not used within a few seconds from the window's load event. Please make sure it has an appropriate `as` value and it is preloaded intentionally. @ https://vercel.com/shivajireacts-projects/electricity-management:0
[  249465ms] [WARNING] The resource https://vercel.com/_next/static/immutable/chunks/2auu4bhcsy3ul.css was preloaded using link preload but not used within a few seconds from the window's load event. Please make sure it has an appropriate `as` value and it is preloaded intentionally. @ https://vercel.com/shivajireacts-projects/electricity-management:0
[  249465ms] [WARNING] The resource https://vercel.com/_next/static/immutable/chunks/0y_wavmzjvjkf.css was preloaded using link preload but not used within a few seconds from the window's load event. Please make sure it has an appropriate `as` value and it is preloaded intentionally. @ https://vercel.com/shivajireacts-projects/electricity-management:0
[  249465ms] [WARNING] The resource https://vercel.com/_next/static/immutable/chunks/2rd-8uksggfqc.css was preloaded using link preload but not used within a few seconds from the window's load event. Please make sure it has an appropriate `as` value and it is preloaded intentionally. @ https://vercel.com/shivajireacts-projects/electricity-management:0
[  249465ms] [WARNING] The resource https://vercel.com/_next/static/immutable/chunks/1vqm_0walb2c7.css was preloaded using link preload but not used within a few seconds from the window's load event. Please make sure it has an appropriate `as` value and it is preloaded intentionally. @ https://vercel.com/shivajireacts-projects/electricity-management:0
[  249465ms] [WARNING] The resource https://vercel.com/_next/static/immutable/chunks/2o8leh_21eoxh.css was preloaded using link preload but not used within a few seconds from the window's load event. Please make sure it has an appropriate `as` value and it is preloaded intentionally. @ https://vercel.com/shivajireacts-projects/electricity-management:0
[  253360ms] [WARNING] The resource https://vercel.com/_next/static/immutable/chunks/3-kaw0y0zwv9y.css was preloaded using link preload but not used within a few seconds from the window's load event. Please make sure it has an appropriate `as` value and it is preloaded intentionally. @ https://vercel.com/shivajireacts-projects/electricity-management:0
[  253360ms] [WARNING] The resource https://vercel.com/_next/static/immutable/media/797e433ab948586e.p.1v5bejj26fx9h.woff2 was preloaded using link preload but not used within a few seconds from the window's load event. Please make sure it has an appropriate `as` value and it is preloaded intentionally. @ https://vercel.com/shivajireacts-projects/electricity-management:0
[  253360ms] [WARNING] The resource https://vercel.com/_next/static/immutable/chunks/3ltmde337_bn6.css was preloaded using link preload but not used within a few seconds from the window's load event. Please make sure it has an appropriate `as` value and it is preloaded intentionally. @ https://vercel.com/shivajireacts-projects/electricity-management:0
[  253360ms] [WARNING] The resource https://vercel.com/_next/static/immutable/chunks/1aj3oa1u_-gjl.css was preloaded using link preload but not used within a few seconds from the window's load event. Please make sure it has an appropriate `as` value and it is preloaded intentionally. @ https://vercel.com/shivajireacts-projects/electricity-management:0
[  253360ms] [WARNING] The resource https://vercel.com/_next/static/immutable/chunks/3flhcz7cw314y.css was preloaded using link preload but not used within a few seconds from the window's load event. Please make sure it has an appropriate `as` value and it is preloaded intentionally. @ https://vercel.com/shivajireacts-projects/electricity-management:0
[  253360ms] [WARNING] The resource https://vercel.com/_next/static/immutable/chunks/0pfisv6juljzd.css was preloaded using link preload but not used within a few seconds from the window's load event. Please make sure it has an appropriate `as` value and it is preloaded intentionally. @ https://vercel.com/shivajireacts-projects/electricity-management:0
[  253360ms] [WARNING] The resource https://vercel.com/_next/static/immutable/chunks/0m8383i4wvy5g.css was preloaded using link preload but not used within a few seconds from the window's load event. Please make sure it has an appropriate `as` value and it is preloaded intentionally. @ https://vercel.com/shivajireacts-projects/electricity-management:0
[  253360ms] [WARNING] The resource https://vercel.com/_next/static/immutable/chunks/1i92_zpy9v6m5.css was preloaded using link preload but not used within a few seconds from the window's load event. Please make sure it has an appropriate `as` value and it is preloaded intentionally. @ https://vercel.com/shivajireacts-projects/electricity-management:0
[  253360ms] [WARNING] The resource https://vercel.com/_next/static/immutable/media/Geist_Variable-s.p.2v-cf9syxr5ni.woff2 was preloaded using link preload but not used within a few seconds from the window's load event. Please make sure it has an appropriate `as` value and it is preloaded intentionally. @ https://vercel.com/shivajireacts-projects/electricity-management:0
[  253360ms] [WARNING] The resource https://vercel.com/_next/static/immutable/chunks/2auu4bhcsy3ul.css was preloaded using link preload but not used within a few seconds from the window's load event. Please make sure it has an appropriate `as` value and it is preloaded intentionally. @ https://vercel.com/shivajireacts-projects/electricity-management:0
[  253360ms] [WARNING] The resource https://vercel.com/_next/static/immutable/chunks/0y_wavmzjvjkf.css was preloaded using link preload but not used within a few seconds from the window's load event. Please make sure it has an appropriate `as` value and it is preloaded intentionally. @ https://vercel.com/shivajireacts-projects/electricity-management:0
[  253360ms] [WARNING] The resource https://vercel.com/_next/static/immutable/chunks/2rd-8uksggfqc.css was preloaded using link preload but not used within a few seconds from the window's load event. Please make sure it has an appropriate `as` value and it is preloaded intentionally. @ https://vercel.com/shivajireacts-projects/electricity-management:0
[  253360ms] [WARNING] The resource https://vercel.com/_next/static/immutable/chunks/1vqm_0walb2c7.css was preloaded using link preload but not used within a few seconds from the window's load event. Please make sure it has an appropriate `as` value and it is preloaded intentionally. @ https://vercel.com/shivajireacts-projects/electricity-management:0
[  253360ms] [WARNING] The resource https://vercel.com/_next/static/immutable/chunks/2o8leh_21eoxh.css was preloaded using link preload but not used within a few seconds from the window's load event. Please make sure it has an appropriate `as` value and it is preloaded intentionally. @ https://vercel.com/shivajireacts-projects/electricity-management:0
[  260223ms] [WARNING] The resource https://vercel.com/_next/static/immutable/chunks/3-kaw0y0zwv9y.css was preloaded using link preload but not used within a few seconds from the window's load event. Please make sure it has an appropriate `as` value and it is preloaded intentionally. @ https://vercel.com/shivajireacts-projects/electricity-management:0
[  260223ms] [WARNING] The resource https://vercel.com/_next/static/immutable/media/797e433ab948586e.p.1v5bejj26fx9h.woff2 was preloaded using link preload but not used within a few seconds from the window's load event. Please make sure it has an appropriate `as` value and it is preloaded intentionally. @ https://vercel.com/shivajireacts-projects/electricity-management:0
[  260223ms] [WARNING] The resource https://vercel.com/_next/static/immutable/chunks/3ltmde337_bn6.css was preloaded using link preload but not used within a few seconds from the window's load event. Please make sure it has an appropriate `as` value and it is preloaded intentionally. @ https://vercel.com/shivajireacts-projects/electricity-management:0
[  260223ms] [WARNING] The resource https://vercel.com/_next/static/immutable/chunks/1aj3oa1u_-gjl.css was preloaded using link preload but not used within a few seconds from the window's load event. Please make sure it has an appropriate `as` value and it is preloaded intentionally. @ https://vercel.com/shivajireacts-projects/electricity-management:0
[  260223ms] [WARNING] The resource https://vercel.com/_next/static/immutable/chunks/3flhcz7cw314y.css was preloaded using link preload but not used within a few seconds from the window's load event. Please make sure it has an appropriate `as` value and it is preloaded intentionally. @ https://vercel.com/shivajireacts-projects/electricity-management:0
[  260223ms] [WARNING] The resource https://vercel.com/_next/static/immutable/chunks/0pfisv6juljzd.css was preloaded using link preload but not used within a few seconds from the window's load event. Please make sure it has an appropriate `as` value and it is preloaded intentionally. @ https://vercel.com/shivajireacts-projects/electricity-management:0
[  260223ms] [WARNING] The resource https://vercel.com/_next/static/immutable/chunks/0m8383i4wvy5g.css was preloaded using link preload but not used within a few seconds from the window's load event. Please make sure it has an appropriate `as` value and it is preloaded intentionally. @ https://vercel.com/shivajireacts-projects/electricity-management:0
[  260223ms] [WARNING] The resource https://vercel.com/_next/static/immutable/chunks/1i92_zpy9v6m5.css was preloaded using link preload but not used within a few seconds from the window's load event. Please make sure it has an appropriate `as` value and it is preloaded intentionally. @ https://vercel.com/shivajireacts-projects/electricity-management:0
[  260223ms] [WARNING] The resource https://vercel.com/_next/static/immutable/media/Geist_Variable-s.p.2v-cf9syxr5ni.woff2 was preloaded using link preload but not used within a few seconds from the window's load event. Please make sure it has an appropriate `as` value and it is preloaded intentionally. @ https://vercel.com/shivajireacts-projects/electricity-management:0
[  260223ms] [WARNING] The resource https://vercel.com/_next/static/immutable/chunks/2auu4bhcsy3ul.css was preloaded using link preload but not used within a few seconds from the window's load event. Please make sure it has an appropriate `as` value and it is preloaded intentionally. @ https://vercel.com/shivajireacts-projects/electricity-management:0
[  260223ms] [WARNING] The resource https://vercel.com/_next/static/immutable/chunks/0y_wavmzjvjkf.css was preloaded using link preload but not used within a few seconds from the window's load event. Please make sure it has an appropriate `as` value and it is preloaded intentionally. @ https://vercel.com/shivajireacts-projects/electricity-management:0
[  260223ms] [WARNING] The resource https://vercel.com/_next/static/immutable/chunks/2rd-8uksggfqc.css was preloaded using link preload but not used within a few seconds from the window's load event. Please make sure it has an appropriate `as` value and it is preloaded intentionally. @ https://vercel.com/shivajireacts-projects/electricity-management:0
[  260223ms] [WARNING] The resource https://vercel.com/_next/static/immutable/chunks/1vqm_0walb2c7.css was preloaded using link preload but not used within a few seconds from the window's load event. Please make sure it has an appropriate `as` value and it is preloaded intentionally. @ https://vercel.com/shivajireacts-projects/electricity-management:0
[  260223ms] [WARNING] The resource https://vercel.com/_next/static/immutable/chunks/2o8leh_21eoxh.css was preloaded using link preload but not used within a few seconds from the window's load event. Please make sure it has an appropriate `as` value and it is preloaded intentionally. @ https://vercel.com/shivajireacts-projects/electricity-management:0
[  264117ms] [WARNING] The resource https://vercel.com/_next/static/immutable/chunks/3-kaw0y0zwv9y.css was preloaded using link preload but not used within a few seconds from the window's load event. Please make sure it has an appropriate `as` value and it is preloaded intentionally. @ https://vercel.com/shivajireacts-projects/electricity-management:0
[  264117ms] [WARNING] The resource https://vercel.com/_next/static/immutable/media/797e433ab948586e.p.1v5bejj26fx9h.woff2 was preloaded using link preload but not used within a few seconds from the window's load event. Please make sure it has an appropriate `as` value and it is preloaded intentionally. @ https://vercel.com/shivajireacts-projects/electricity-management:0
[  264117ms] [WARNING] The resource https://vercel.com/_next/static/immutable/chunks/3ltmde337_bn6.css was preloaded using link preload but not used within a few seconds from the window's load event. Please make sure it has an appropriate `as` value and it is preloaded intentionally. @ https://vercel.com/shivajireacts-projects/electricity-management:0
[  264117ms] [WARNING] The resource https://vercel.com/_next/static/immutable/chunks/1aj3oa1u_-gjl.css was preloaded using link preload but not used within a few seconds from the window's load event. Please make sure it has an appropriate `as` value and it is preloaded intentionally. @ https://vercel.com/shivajireacts-projects/electricity-management:0
[  264117ms] [WARNING] The resource https://vercel.com/_next/static/immutable/chunks/3flhcz7cw314y.css was preloaded using link preload but not used within a few seconds from the window's load event. Please make sure it has an appropriate `as` value and it is preloaded intentionally. @ https://vercel.com/shivajireacts-projects/electricity-management:0
[  264117ms] [WARNING] The resource https://vercel.com/_next/static/immutable/chunks/0pfisv6juljzd.css was preloaded using link preload but not used within a few seconds from the window's load event. Please make sure it has an appropriate `as` value and it is preloaded intentionally. @ https://vercel.com/shivajireacts-projects/electricity-management:0
[  264117ms] [WARNING] The resource https://vercel.com/_next/static/immutable/chunks/0m8383i4wvy5g.css was preloaded using link preload but not used within a few seconds from the window's load event. Please make sure it has an appropriate `as` value and it is preloaded intentionally. @ https://vercel.com/shivajireacts-projects/electricity-management:0
[  264117ms] [WARNING] The resource https://vercel.com/_next/static/immutable/chunks/1i92_zpy9v6m5.css was preloaded using link preload but not used within a few seconds from the window's load event. Please make sure it has an appropriate `as` value and it is preloaded intentionally. @ https://vercel.com/shivajireacts-projects/electricity-management:0
[  264117ms] [WARNING] The resource https://vercel.com/_next/static/immutable/media/Geist_Variable-s.p.2v-cf9syxr5ni.woff2 was preloaded using link preload but not used within a few seconds from the window's load event. Please make sure it has an appropriate `as` value and it is preloaded intentionally. @ https://vercel.com/shivajireacts-projects/electricity-management:0
[  264117ms] [WARNING] The resource https://vercel.com/_next/static/immutable/chunks/2auu4bhcsy3ul.css was preloaded using link preload but not used within a few seconds from the window's load event. Please make sure it has an appropriate `as` value and it is preloaded intentionally. @ https://vercel.com/shivajireacts-projects/electricity-management:0
[  264117ms] [WARNING] The resource https://vercel.com/_next/static/immutable/chunks/0y_wavmzjvjkf.css was preloaded using link preload but not used within a few seconds from the window's load event. Please make sure it has an appropriate `as` value and it is preloaded intentionally. @ https://vercel.com/shivajireacts-projects/electricity-management:0
[  264117ms] [WARNING] The resource https://vercel.com/_next/static/immutable/chunks/2rd-8uksggfqc.css was preloaded using link preload but not used within a few seconds from the window's load event. Please make sure it has an appropriate `as` value and it is preloaded intentionally. @ https://vercel.com/shivajireacts-projects/electricity-management:0
[  264117ms] [WARNING] The resource https://vercel.com/_next/static/immutable/chunks/1vqm_0walb2c7.css was preloaded using link preload but not used within a few seconds from the window's load event. Please make sure it has an appropriate `as` value and it is preloaded intentionally. @ https://vercel.com/shivajireacts-projects/electricity-management:0
[  264117ms] [WARNING] The resource https://vercel.com/_next/static/immutable/chunks/2o8leh_21eoxh.css was preloaded using link preload but not used within a few seconds from the window's load event. Please make sure it has an appropriate `as` value and it is preloaded intentionally. @ https://vercel.com/shivajireacts-projects/electricity-management:0
[  274773ms] [WARNING] The resource https://vercel.com/_next/static/immutable/chunks/3-kaw0y0zwv9y.css was preloaded using link preload but not used within a few seconds from the window's load event. Please make sure it has an appropriate `as` value and it is preloaded intentionally. @ https://vercel.com/shivajireacts-projects/electricity-management:0
[  274773ms] [WARNING] The resource https://vercel.com/_next/static/immutable/media/797e433ab948586e.p.1v5bejj26fx9h.woff2 was preloaded using link preload but not used within a few seconds from the window's load event. Please make sure it has an appropriate `as` value and it is preloaded intentionally. @ https://vercel.com/shivajireacts-projects/electricity-management:0
[  274773ms] [WARNING] The resource https://vercel.com/_next/static/immutable/chunks/3ltmde337_bn6.css was preloaded using link preload but not used within a few seconds from the window's load event. Please make sure it has an appropriate `as` value and it is preloaded intentionally. @ https://vercel.com/shivajireacts-projects/electricity-management:0
[  274773ms] [WARNING] The resource https://vercel.com/_next/static/immutable/chunks/1aj3oa1u_-gjl.css was preloaded using link preload but not used within a few seconds from the window's load event. Please make sure it has an appropriate `as` value and it is preloaded intentionally. @ https://vercel.com/shivajireacts-projects/electricity-management:0
[  274773ms] [WARNING] The resource https://vercel.com/_next/static/immutable/chunks/3flhcz7cw314y.css was preloaded using link preload but not used within a few seconds from the window's load event. Please make sure it has an appropriate `as` value and it is preloaded intentionally. @ https://vercel.com/shivajireacts-projects/electricity-management:0
[  274773ms] [WARNING] The resource https://vercel.com/_next/static/immutable/chunks/0pfisv6juljzd.css was preloaded using link preload but not used within a few seconds from the window's load event. Please make sure it has an appropriate `as` value and it is preloaded intentionally. @ https://vercel.com/shivajireacts-projects/electricity-management:0
[  274773ms] [WARNING] The resource https://vercel.com/_next/static/immutable/chunks/0m8383i4wvy5g.css was preloaded using link preload but not used within a few seconds from the window's load event. Please make sure it has an appropriate `as` value and it is preloaded intentionally. @ https://vercel.com/shivajireacts-projects/electricity-management:0
[  274773ms] [WARNING] The resource https://vercel.com/_next/static/immutable/chunks/1i92_zpy9v6m5.css was preloaded using link preload but not used within a few seconds from the window's load event. Please make sure it has an appropriate `as` value and it is preloaded intentionally. @ https://vercel.com/shivajireacts-projects/electricity-management:0
[  274773ms] [WARNING] The resource https://vercel.com/_next/static/immutable/media/Geist_Variable-s.p.2v-cf9syxr5ni.woff2 was preloaded using link preload but not used within a few seconds from the window's load event. Please make sure it has an appropriate `as` value and it is preloaded intentionally. @ https://vercel.com/shivajireacts-projects/electricity-management:0
[  274773ms] [WARNING] The resource https://vercel.com/_next/static/immutable/chunks/2auu4bhcsy3ul.css was preloaded using link preload but not used within a few seconds from the window's load event. Please make sure it has an appropriate `as` value and it is preloaded intentionally. @ https://vercel.com/shivajireacts-projects/electricity-management:0
[  274773ms] [WARNING] The resource https://vercel.com/_next/static/immutable/chunks/0y_wavmzjvjkf.css was preloaded using link preload but not used within a few seconds from the window's load event. Please make sure it has an appropriate `as` value and it is preloaded intentionally. @ https://vercel.com/shivajireacts-projects/electricity-management:0
[  274773ms] [WARNING] The resource https://vercel.com/_next/static/immutable/chunks/2rd-8uksggfqc.css was preloaded using link preload but not used within a few seconds from the window's load event. Please make sure it has an appropriate `as` value and it is preloaded intentionally. @ https://vercel.com/shivajireacts-projects/electricity-management:0
[  274773ms] [WARNING] The resource https://vercel.com/_next/static/immutable/chunks/1vqm_0walb2c7.css was preloaded using link preload but not used within a few seconds from the window's load event. Please make sure it has an appropriate `as` value and it is preloaded intentionally. @ https://vercel.com/shivajireacts-projects/electricity-management:0
[  274773ms] [WARNING] The resource https://vercel.com/_next/static/immutable/chunks/2o8leh_21eoxh.css was preloaded using link preload but not used within a few seconds from the window's load event. Please make sure it has an appropriate `as` value and it is preloaded intentionally. @ https://vercel.com/shivajireacts-projects/electricity-management:0
[  281830ms] [WARNING] The resource https://vercel.com/_next/static/immutable/chunks/3-kaw0y0zwv9y.css was preloaded using link preload but not used within a few seconds from the window's load event. Please make sure it has an appropriate `as` value and it is preloaded intentionally. @ https://vercel.com/shivajireacts-projects/electricity-management:0
[  281831ms] [WARNING] The resource https://vercel.com/_next/static/immutable/media/797e433ab948586e.p.1v5bejj26fx9h.woff2 was preloaded using link preload but not used within a few seconds from the window's load event. Please make sure it has an appropriate `as` value and it is preloaded intentionally. @ https://vercel.com/shivajireacts-projects/electricity-management:0
[  281831ms] [WARNING] The resource https://vercel.com/_next/static/immutable/chunks/3ltmde337_bn6.css was preloaded using link preload but not used within a few seconds from the window's load event. Please make sure it has an appropriate `as` value and it is preloaded intentionally. @ https://vercel.com/shivajireacts-projects/electricity-management:0
[  281831ms] [WARNING] The resource https://vercel.com/_next/static/immutable/chunks/1aj3oa1u_-gjl.css was preloaded using link preload but not used within a few seconds from the window's load event. Please make sure it has an appropriate `as` value and it is preloaded intentionally. @ https://vercel.com/shivajireacts-projects/electricity-management:0
[  281831ms] [WARNING] The resource https://vercel.com/_next/static/immutable/chunks/3flhcz7cw314y.css was preloaded using link preload but not used within a few seconds from the window's load event. Please make sure it has an appropriate `as` value and it is preloaded intentionally. @ https://vercel.com/shivajireacts-projects/electricity-management:0
[  281831ms] [WARNING] The resource https://vercel.com/_next/static/immutable/chunks/0pfisv6juljzd.css was preloaded using link preload but not used within a few seconds from the window's load event. Please make sure it has an appropriate `as` value and it is preloaded intentionally. @ https://vercel.com/shivajireacts-projects/electricity-management:0
[  281831ms] [WARNING] The resource https://vercel.com/_next/static/immutable/chunks/0m8383i4wvy5g.css was preloaded using link preload but not used within a few seconds from the window's load event. Please make sure it has an appropriate `as` value and it is preloaded intentionally. @ https://vercel.com/shivajireacts-projects/electricity-management:0
[  281831ms] [WARNING] The resource https://vercel.com/_next/static/immutable/chunks/1i92_zpy9v6m5.css was preloaded using link preload but not used within a few seconds from the window's load event. Please make sure it has an appropriate `as` value and it is preloaded intentionally. @ https://vercel.com/shivajireacts-projects/electricity-management:0
[  281831ms] [WARNING] The resource https://vercel.com/_next/static/immutable/media/Geist_Variable-s.p.2v-cf9syxr5ni.woff2 was preloaded using link preload but not used within a few seconds from the window's load event. Please make sure it has an appropriate `as` value and it is preloaded intentionally. @ https://vercel.com/shivajireacts-projects/electricity-management:0
[  281831ms] [WARNING] The resource https://vercel.com/_next/static/immutable/chunks/2auu4bhcsy3ul.css was preloaded using link preload but not used within a few seconds from the window's load event. Please make sure it has an appropriate `as` value and it is preloaded intentionally. @ https://vercel.com/shivajireacts-projects/electricity-management:0
[  281831ms] [WARNING] The resource https://vercel.com/_next/static/immutable/chunks/0y_wavmzjvjkf.css was preloaded using link preload but not used within a few seconds from the window's load event. Please make sure it has an appropriate `as` value and it is preloaded intentionally. @ https://vercel.com/shivajireacts-projects/electricity-management:0
[  281831ms] [WARNING] The resource https://vercel.com/_next/static/immutable/chunks/2rd-8uksggfqc.css was preloaded using link preload but not used within a few seconds from the window's load event. Please make sure it has an appropriate `as` value and it is preloaded intentionally. @ https://vercel.com/shivajireacts-projects/electricity-management:0
[  281831ms] [WARNING] The resource https://vercel.com/_next/static/immutable/chunks/1vqm_0walb2c7.css was preloaded using link preload but not used within a few seconds from the window's load event. Please make sure it has an appropriate `as` value and it is preloaded intentionally. @ https://vercel.com/shivajireacts-projects/electricity-management:0
[  281831ms] [WARNING] The resource https://vercel.com/_next/static/immutable/chunks/2o8leh_21eoxh.css was preloaded using link preload but not used within a few seconds from the window's load event. Please make sure it has an appropriate `as` value and it is preloaded intentionally. @ https://vercel.com/shivajireacts-projects/electricity-management:0
[  285541ms] [WARNING] The resource https://vercel.com/_next/static/immutable/chunks/3-kaw0y0zwv9y.css was preloaded using link preload but not used within a few seconds from the window's load event. Please make sure it has an appropriate `as` value and it is preloaded intentionally. @ https://vercel.com/shivajireacts-projects/electricity-management:0
[  285541ms] [WARNING] The resource https://vercel.com/_next/static/immutable/media/797e433ab948586e.p.1v5bejj26fx9h.woff2 was preloaded using link preload but not used within a few seconds from the window's load event. Please make sure it has an appropriate `as` value and it is preloaded intentionally. @ https://vercel.com/shivajireacts-projects/electricity-management:0
[  285541ms] [WARNING] The resource https://vercel.com/_next/static/immutable/chunks/3ltmde337_bn6.css was preloaded using link preload but not used within a few seconds from the window's load event. Please make sure it has an appropriate `as` value and it is preloaded intentionally. @ https://vercel.com/shivajireacts-projects/electricity-management:0
[  285541ms] [WARNING] The resource https://vercel.com/_next/static/immutable/chunks/1aj3oa1u_-gjl.css was preloaded using link preload but not used within a few seconds from the window's load event. Please make sure it has an appropriate `as` value and it is preloaded intentionally. @ https://vercel.com/shivajireacts-projects/electricity-management:0
[  285541ms] [WARNING] The resource https://vercel.com/_next/static/immutable/chunks/3flhcz7cw314y.css was preloaded using link preload but not used within a few seconds from the window's load event. Please make sure it has an appropriate `as` value and it is preloaded intentionally. @ https://vercel.com/shivajireacts-projects/electricity-management:0
[  285541ms] [WARNING] The resource https://vercel.com/_next/static/immutable/chunks/0pfisv6juljzd.css was preloaded using link preload but not used within a few seconds from the window's load event. Please make sure it has an appropriate `as` value and it is preloaded intentionally. @ https://vercel.com/shivajireacts-projects/electricity-management:0
[  285541ms] [WARNING] The resource https://vercel.com/_next/static/immutable/chunks/0m8383i4wvy5g.css was preloaded using link preload but not used within a few seconds from the window's load event. Please make sure it has an appropriate `as` value and it is preloaded intentionally. @ https://vercel.com/shivajireacts-projects/electricity-management:0
[  285541ms] [WARNING] The resource https://vercel.com/_next/static/immutable/chunks/1i92_zpy9v6m5.css was preloaded using link preload but not used within a few seconds from the window's load event. Please make sure it has an appropriate `as` value and it is preloaded intentionally. @ https://vercel.com/shivajireacts-projects/electricity-management:0
[  285541ms] [WARNING] The resource https://vercel.com/_next/static/immutable/media/Geist_Variable-s.p.2v-cf9syxr5ni.woff2 was preloaded using link preload but not used within a few seconds from the window's load event. Please make sure it has an appropriate `as` value and it is preloaded intentionally. @ https://vercel.com/shivajireacts-projects/electricity-management:0
[  285541ms] [WARNING] The resource https://vercel.com/_next/static/immutable/chunks/2auu4bhcsy3ul.css was preloaded using link preload but not used within a few seconds from the window's load event. Please make sure it has an appropriate `as` value and it is preloaded intentionally. @ https://vercel.com/shivajireacts-projects/electricity-management:0
[  285541ms] [WARNING] The resource https://vercel.com/_next/static/immutable/chunks/0y_wavmzjvjkf.css was preloaded using link preload but not used within a few seconds from the window's load event. Please make sure it has an appropriate `as` value and it is preloaded intentionally. @ https://vercel.com/shivajireacts-projects/electricity-management:0
[  285541ms] [WARNING] The resource https://vercel.com/_next/static/immutable/chunks/2rd-8uksggfqc.css was preloaded using link preload but not used within a few seconds from the window's load event. Please make sure it has an appropriate `as` value and it is preloaded intentionally. @ https://vercel.com/shivajireacts-projects/electricity-management:0
[  285541ms] [WARNING] The resource https://vercel.com/_next/static/immutable/chunks/1vqm_0walb2c7.css was preloaded using link preload but not used within a few seconds from the window's load event. Please make sure it has an appropriate `as` value and it is preloaded intentionally. @ https://vercel.com/shivajireacts-projects/electricity-management:0
[  285541ms] [WARNING] The resource https://vercel.com/_next/static/immutable/chunks/2o8leh_21eoxh.css was preloaded using link preload but not used within a few seconds from the window's load event. Please make sure it has an appropriate `as` value and it is preloaded intentionally. @ https://vercel.com/shivajireacts-projects/electricity-management:0
[  293133ms] [LOG] %c
▲

    ____                               _ __
   / __ \________  ____ _____ ___     (_) /_
  / / / / ___/ _ \/ __ `/ __ `__ \   / / __/
 / /_/ / /  /  __/ /_/ / / / / / /  / / /__
/_____/_/   \___/\__,_/_/ /_/ /_/  /_/\__( )
   _____ __    _          _ __           |/
  / ___// /_  (_)___     (_) /_
  \__ \/ __ \/ / __ \   / / __/
 ___/ / / / / / /_/ /  / / /_
/____/_/ /_/_/ .___/  /_/\__/
            /_/
  

Hello!

- Open Source https://vercel.com/oss
- Careers https://vercel.com/careers
- Status https://vercel-status.com

 font-family: "Geist Mono", monospace; white-space: pre; line-height: 1; @ https://vercel.com/_next/static/immutable/chunks/0sc4qral2lvuo.js:78
[  295785ms] [WARNING] Deprecated API for given entry type. @ https://vercel.com/_next/static/immutable/chunks/44dke8z57z-0r.js:18
[  299574ms] [WARNING] The resource https://vercel.com/_next/static/immutable/chunks/0d7cjtms0j6n0.css was preloaded using link preload but not used within a few seconds from the window's load event. Please make sure it has an appropriate `as` value and it is preloaded intentionally. @ https://vercel.com/shivajireacts-projects:0
[  299574ms] [WARNING] The resource https://vercel.com/_next/static/immutable/chunks/1i92_zpy9v6m5.css was preloaded using link preload but not used within a few seconds from the window's load event. Please make sure it has an appropriate `as` value and it is preloaded intentionally. @ https://vercel.com/shivajireacts-projects:0
[  299574ms] [WARNING] The resource https://vercel.com/_next/static/immutable/chunks/2rd-8uksggfqc.css was preloaded using link preload but not used within a few seconds from the window's load event. Please make sure it has an appropriate `as` value and it is preloaded intentionally. @ https://vercel.com/shivajireacts-projects:0
[  299574ms] [WARNING] The resource https://vercel.com/_next/static/immutable/chunks/3flhcz7cw314y.css was preloaded using link preload but not used within a few seconds from the window's load event. Please make sure it has an appropriate `as` value and it is preloaded intentionally. @ https://vercel.com/shivajireacts-projects:0
[  309630ms] [WARNING] The resource https://vercel.com/_next/static/immutable/chunks/0d7cjtms0j6n0.css was preloaded using link preload but not used within a few seconds from the window's load event. Please make sure it has an appropriate `as` value and it is preloaded intentionally. @ https://vercel.com/shivajireacts-projects:0
[  309630ms] [WARNING] The resource https://vercel.com/_next/static/immutable/chunks/1i92_zpy9v6m5.css was preloaded using link preload but not used within a few seconds from the window's load event. Please make sure it has an appropriate `as` value and it is preloaded intentionally. @ https://vercel.com/shivajireacts-projects:0
[  309630ms] [WARNING] The resource https://vercel.com/_next/static/immutable/chunks/2rd-8uksggfqc.css was preloaded using link preload but not used within a few seconds from the window's load event. Please make sure it has an appropriate `as` value and it is preloaded intentionally. @ https://vercel.com/shivajireacts-projects:0
[  309630ms] [WARNING] The resource https://vercel.com/_next/static/immutable/chunks/3flhcz7cw314y.css was preloaded using link preload but not used within a few seconds from the window's load event. Please make sure it has an appropriate `as` value and it is preloaded intentionally. @ https://vercel.com/shivajireacts-projects:0
[  314500ms] [WARNING] The resource https://vercel.com/_next/static/immutable/chunks/0d7cjtms0j6n0.css was preloaded using link preload but not used within a few seconds from the window's load event. Please make sure it has an appropriate `as` value and it is preloaded intentionally. @ https://vercel.com/shivajireacts-projects:0
[  314500ms] [WARNING] The resource https://vercel.com/_next/static/immutable/chunks/1i92_zpy9v6m5.css was preloaded using link preload but not used within a few seconds from the window's load event. Please make sure it has an appropriate `as` value and it is preloaded intentionally. @ https://vercel.com/shivajireacts-projects:0
[  314500ms] [WARNING] The resource https://vercel.com/_next/static/immutable/chunks/2rd-8uksggfqc.css was preloaded using link preload but not used within a few seconds from the window's load event. Please make sure it has an appropriate `as` value and it is preloaded intentionally. @ https://vercel.com/shivajireacts-projects:0
[  314500ms] [WARNING] The resource https://vercel.com/_next/static/immutable/chunks/3flhcz7cw314y.css was preloaded using link preload but not used within a few seconds from the window's load event. Please make sure it has an appropriate `as` value and it is preloaded intentionally. @ https://vercel.com/shivajireacts-projects:0
[  319514ms] [WARNING] The resource https://vercel.com/_next/static/immutable/chunks/0d7cjtms0j6n0.css was preloaded using link preload but not used within a few seconds from the window's load event. Please make sure it has an appropriate `as` value and it is preloaded intentionally. @ https://vercel.com/shivajireacts-projects:0
[  319514ms] [WARNING] The resource https://vercel.com/_next/static/immutable/chunks/1i92_zpy9v6m5.css was preloaded using link preload but not used within a few seconds from the window's load event. Please make sure it has an appropriate `as` value and it is preloaded intentionally. @ https://vercel.com/shivajireacts-projects:0
[  319514ms] [WARNING] The resource https://vercel.com/_next/static/immutable/chunks/2rd-8uksggfqc.css was preloaded using link preload but not used within a few seconds from the window's load event. Please make sure it has an appropriate `as` value and it is preloaded intentionally. @ https://vercel.com/shivajireacts-projects:0
[  319514ms] [WARNING] The resource https://vercel.com/_next/static/immutable/chunks/3flhcz7cw314y.css was preloaded using link preload but not used within a few seconds from the window's load event. Please make sure it has an appropriate `as` value and it is preloaded intentionally. @ https://vercel.com/shivajireacts-projects:0
[  345414ms] [LOG] %c
▲

__  __                                     _            __
\ \/ /___  __  __   _________ _____       (_)_  _______/ /_
 \  / __ \/ / / /  / ___/ __ `/ __ \     / / / / / ___/ __/
 / / /_/ / /_/ /  / /__/ /_/ / / / /    / / /_/ (__  ) /_
/_/\____/\__,_/   \___/\__,_/_/ /_/  __/ /\__,_/____/\__/
         __    _          __  __    /___/
   _____/ /_  (_)___     / /_/ /_  (_)___  ____ ______
  / ___/ __ \/ / __ \   / __/ __ \/ / __ \/ __ `/ ___/
 (__  ) / / / / /_/ /  / /_/ / / / / / / / /_/ (__  )
/____/_/ /_/_/ .___/   \__/_/ /_/_/_/ /_/\__, /____/
            /_/                         /____/
  

Hello!

- Open Source https://vercel.com/oss
- Careers https://vercel.com/careers
- Status https://vercel-status.com

 font-family: "Geist Mono", monospace; white-space: pre; line-height: 1; @ https://vercel.com/_next/static/immutable/chunks/0sc4qral2lvuo.js:78
[  347685ms] [WARNING] Deprecated API for given entry type. @ https://vercel.com/_next/static/immutable/chunks/44dke8z57z-0r.js:18
[  352179ms] [WARNING] The resource https://vercel.com/_next/static/immutable/chunks/0d7cjtms0j6n0.css was preloaded using link preload but not used within a few seconds from the window's load event. Please make sure it has an appropriate `as` value and it is preloaded intentionally. @ https://vercel.com/shivajireacts-projects:0
[  352180ms] [WARNING] The resource https://vercel.com/_next/static/immutable/chunks/1i92_zpy9v6m5.css was preloaded using link preload but not used within a few seconds from the window's load event. Please make sure it has an appropriate `as` value and it is preloaded intentionally. @ https://vercel.com/shivajireacts-projects:0
[  352180ms] [WARNING] The resource https://vercel.com/_next/static/immutable/chunks/2rd-8uksggfqc.css was preloaded using link preload but not used within a few seconds from the window's load event. Please make sure it has an appropriate `as` value and it is preloaded intentionally. @ https://vercel.com/shivajireacts-projects:0
[  352180ms] [WARNING] The resource https://vercel.com/_next/static/immutable/chunks/3flhcz7cw314y.css was preloaded using link preload but not used within a few seconds from the window's load event. Please make sure it has an appropriate `as` value and it is preloaded intentionally. @ https://vercel.com/shivajireacts-projects:0
[  361447ms] [WARNING] The resource https://vercel.com/_next/static/immutable/chunks/0d7cjtms0j6n0.css was preloaded using link preload but not used within a few seconds from the window's load event. Please make sure it has an appropriate `as` value and it is preloaded intentionally. @ https://vercel.com/shivajireacts-projects:0
[  361448ms] [WARNING] The resource https://vercel.com/_next/static/immutable/chunks/1i92_zpy9v6m5.css was preloaded using link preload but not used within a few seconds from the window's load event. Please make sure it has an appropriate `as` value and it is preloaded intentionally. @ https://vercel.com/shivajireacts-projects:0
[  361448ms] [WARNING] The resource https://vercel.com/_next/static/immutable/chunks/2rd-8uksggfqc.css was preloaded using link preload but not used within a few seconds from the window's load event. Please make sure it has an appropriate `as` value and it is preloaded intentionally. @ https://vercel.com/shivajireacts-projects:0
[  361448ms] [WARNING] The resource https://vercel.com/_next/static/immutable/chunks/3flhcz7cw314y.css was preloaded using link preload but not used within a few seconds from the window's load event. Please make sure it has an appropriate `as` value and it is preloaded intentionally. @ https://vercel.com/shivajireacts-projects:0
