[    3500ms] [LOG] %c
▲

    ________   _ __ _          ____           __
   /  _/ __/  (_) /( )_____   / __/___ ______/ /_
   / // /_   / / __/// ___/  / /_/ __ `/ ___/ __/
 _/ // __/  / / /_  (__  )  / __/ /_/ (__  ) /_
/___/_/    /_/\__/ /____/  /_/  \__,_/____/\__/
    _ __ _                         _    __                    __
   (_) /( )_____   ____  ____     | |  / /__  _____________  / /
  / / __/// ___/  / __ \/ __ \    | | / / _ \/ ___/ ___/ _ \/ /
 / / /_  (__  )  / /_/ / / / /    | |/ /  __/ /  / /__/  __/ /
/_/\__/ /____/   \____/_/ /_/     |___/\___/_/   \___/\___/_/
  

Hello!

- Open Source https://vercel.com/oss
- Careers https://vercel.com/careers
- Status https://vercel-status.com

 font-family: "Geist Mono", monospace; white-space: pre; line-height: 1; @ https://vercel.com/_next/static/immutable/chunks/0sc4qral2lvuo.js:78
[    5754ms] [WARNING] Deprecated API for given entry type. @ https://vercel.com/_next/static/immutable/chunks/44dke8z57z-0r.js:18
[   11108ms] [WARNING] The resource https://vercel.com/_next/static/immutable/chunks/0d7cjtms0j6n0.css was preloaded using link preload but not used within a few seconds from the window's load event. Please make sure it has an appropriate `as` value and it is preloaded intentionally. @ https://vercel.com/shivajireacts-projects:0
[   11108ms] [WARNING] The resource https://vercel.com/_next/static/immutable/chunks/1i92_zpy9v6m5.css was preloaded using link preload but not used within a few seconds from the window's load event. Please make sure it has an appropriate `as` value and it is preloaded intentionally. @ https://vercel.com/shivajireacts-projects:0
[   11108ms] [WARNING] The resource https://vercel.com/_next/static/immutable/chunks/0jowte4krju8u.css was preloaded using link preload but not used within a few seconds from the window's load event. Please make sure it has an appropriate `as` value and it is preloaded intentionally. @ https://vercel.com/shivajireacts-projects:0
[   11108ms] [WARNING] The resource https://vercel.com/_next/static/immutable/chunks/2rd-8uksggfqc.css was preloaded using link preload but not used within a few seconds from the window's load event. Please make sure it has an appropriate `as` value and it is preloaded intentionally. @ https://vercel.com/shivajireacts-projects:0
[   11108ms] [WARNING] The resource https://vercel.com/_next/static/immutable/chunks/3flhcz7cw314y.css was preloaded using link preload but not used within a few seconds from the window's load event. Please make sure it has an appropriate `as` value and it is preloaded intentionally. @ https://vercel.com/shivajireacts-projects:0
[   28295ms] [WARNING] The resource https://vercel.com/_next/static/immutable/chunks/3-kaw0y0zwv9y.css was preloaded using link preload but not used within a few seconds from the window's load event. Please make sure it has an appropriate `as` value and it is preloaded intentionally. @ https://vercel.com/shivajireacts-projects:0
[   28295ms] [WARNING] The resource https://vercel.com/_next/static/immutable/chunks/3ltmde337_bn6.css was preloaded using link preload but not used within a few seconds from the window's load event. Please make sure it has an appropriate `as` value and it is preloaded intentionally. @ https://vercel.com/shivajireacts-projects:0
[   28295ms] [WARNING] The resource https://vercel.com/_next/static/immutable/chunks/32fn_23dei1yg.css was preloaded using link preload but not used within a few seconds from the window's load event. Please make sure it has an appropriate `as` value and it is preloaded intentionally. @ https://vercel.com/shivajireacts-projects:0
[   28295ms] [WARNING] The resource https://vercel.com/_next/static/immutable/chunks/3flhcz7cw314y.css was preloaded using link preload but not used within a few seconds from the window's load event. Please make sure it has an appropriate `as` value and it is preloaded intentionally. @ https://vercel.com/shivajireacts-projects:0
[   28295ms] [WARNING] The resource https://vercel.com/_next/static/immutable/chunks/0m8383i4wvy5g.css was preloaded using link preload but not used within a few seconds from the window's load event. Please make sure it has an appropriate `as` value and it is preloaded intentionally. @ https://vercel.com/shivajireacts-projects:0
[   28295ms] [WARNING] The resource https://vercel.com/_next/static/immutable/chunks/0d7cjtms0j6n0.css was preloaded using link preload but not used within a few seconds from the window's load event. Please make sure it has an appropriate `as` value and it is preloaded intentionally. @ https://vercel.com/shivajireacts-projects:0
[   28295ms] [WARNING] The resource https://vercel.com/_next/static/immutable/chunks/1i92_zpy9v6m5.css was preloaded using link preload but not used within a few seconds from the window's load event. Please make sure it has an appropriate `as` value and it is preloaded intentionally. @ https://vercel.com/shivajireacts-projects:0
[   28295ms] [WARNING] The resource https://vercel.com/_next/static/immutable/chunks/0y_wavmzjvjkf.css was preloaded using link preload but not used within a few seconds from the window's load event. Please make sure it has an appropriate `as` value and it is preloaded intentionally. @ https://vercel.com/shivajireacts-projects:0
[   28295ms] [WARNING] The resource https://vercel.com/_next/static/immutable/chunks/2rd-8uksggfqc.css was preloaded using link preload but not used within a few seconds from the window's load event. Please make sure it has an appropriate `as` value and it is preloaded intentionally. @ https://vercel.com/shivajireacts-projects:0
[   28295ms] [WARNING] The resource https://vercel.com/_next/static/immutable/chunks/1vqm_0walb2c7.css was preloaded using link preload but not used within a few seconds from the window's load event. Please make sure it has an appropriate `as` value and it is preloaded intentionally. @ https://vercel.com/shivajireacts-projects:0
[   28295ms] [WARNING] The resource https://vercel.com/_next/static/immutable/chunks/2o8leh_21eoxh.css was preloaded using link preload but not used within a few seconds from the window's load event. Please make sure it has an appropriate `as` value and it is preloaded intentionally. @ https://vercel.com/shivajireacts-projects:0
[   37511ms] [WARNING] The resource https://vercel.com/_next/static/immutable/chunks/3-kaw0y0zwv9y.css was preloaded using link preload but not used within a few seconds from the window's load event. Please make sure it has an appropriate `as` value and it is preloaded intentionally. @ https://vercel.com/shivajireacts-projects:0
[   37511ms] [WARNING] The resource https://vercel.com/_next/static/immutable/chunks/3ltmde337_bn6.css was preloaded using link preload but not used within a few seconds from the window's load event. Please make sure it has an appropriate `as` value and it is preloaded intentionally. @ https://vercel.com/shivajireacts-projects:0
[   37512ms] [WARNING] The resource https://vercel.com/_next/static/immutable/chunks/32fn_23dei1yg.css was preloaded using link preload but not used within a few seconds from the window's load event. Please make sure it has an appropriate `as` value and it is preloaded intentionally. @ https://vercel.com/shivajireacts-projects:0
[   37512ms] [WARNING] The resource https://vercel.com/_next/static/immutable/chunks/3flhcz7cw314y.css was preloaded using link preload but not used within a few seconds from the window's load event. Please make sure it has an appropriate `as` value and it is preloaded intentionally. @ https://vercel.com/shivajireacts-projects:0
[   37512ms] [WARNING] The resource https://vercel.com/_next/static/immutable/chunks/0m8383i4wvy5g.css was preloaded using link preload but not used within a few seconds from the window's load event. Please make sure it has an appropriate `as` value and it is preloaded intentionally. @ https://vercel.com/shivajireacts-projects:0
[   37512ms] [WARNING] The resource https://vercel.com/_next/static/immutable/chunks/0d7cjtms0j6n0.css was preloaded using link preload but not used within a few seconds from the window's load event. Please make sure it has an appropriate `as` value and it is preloaded intentionally. @ https://vercel.com/shivajireacts-projects:0
[   37512ms] [WARNING] The resource https://vercel.com/_next/static/immutable/chunks/1i92_zpy9v6m5.css was preloaded using link preload but not used within a few seconds from the window's load event. Please make sure it has an appropriate `as` value and it is preloaded intentionally. @ https://vercel.com/shivajireacts-projects:0
[   37512ms] [WARNING] The resource https://vercel.com/_next/static/immutable/chunks/0y_wavmzjvjkf.css was preloaded using link preload but not used within a few seconds from the window's load event. Please make sure it has an appropriate `as` value and it is preloaded intentionally. @ https://vercel.com/shivajireacts-projects:0
[   37512ms] [WARNING] The resource https://vercel.com/_next/static/immutable/chunks/2rd-8uksggfqc.css was preloaded using link preload but not used within a few seconds from the window's load event. Please make sure it has an appropriate `as` value and it is preloaded intentionally. @ https://vercel.com/shivajireacts-projects:0
[   37512ms] [WARNING] The resource https://vercel.com/_next/static/immutable/chunks/1vqm_0walb2c7.css was preloaded using link preload but not used within a few seconds from the window's load event. Please make sure it has an appropriate `as` value and it is preloaded intentionally. @ https://vercel.com/shivajireacts-projects:0
[   37512ms] [WARNING] The resource https://vercel.com/_next/static/immutable/chunks/2o8leh_21eoxh.css was preloaded using link preload but not used within a few seconds from the window's load event. Please make sure it has an appropriate `as` value and it is preloaded intentionally. @ https://vercel.com/shivajireacts-projects:0
